Archive member included to satisfy reference by file (symbol)

/usr/local/mcuxpressoide-10.2.0_759/ide/tools/bin/../lib/gcc/arm-none-eabi/7.2.1/../../../../arm-none-eabi/lib/thumb/v7e-m/fpv4-sp/hard/libcr_semihost_nf.a(_cr__main.o)
                              ./startup/startup_mk64f12.o (__main)
/usr/local/mcuxpressoide-10.2.0_759/ide/tools/bin/../lib/gcc/arm-none-eabi/7.2.1/../../../../arm-none-eabi/lib/thumb/v7e-m/fpv4-sp/hard/libcr_semihost_nf.a(_cr_assert.o)
                              ./utilities/fsl_debug_console.o (__assertion_failed)
/usr/local/mcuxpressoide-10.2.0_759/ide/tools/bin/../lib/gcc/arm-none-eabi/7.2.1/../../../../arm-none-eabi/lib/thumb/v7e-m/fpv4-sp/hard/libcr_semihost_nf.a(__ciob.o)
                              /usr/local/mcuxpressoide-10.2.0_759/ide/tools/bin/../lib/gcc/arm-none-eabi/7.2.1/../../../../arm-none-eabi/lib/thumb/v7e-m/fpv4-sp/hard/libcr_semihost_nf.a(_cr_assert.o) (__Ciob)
/usr/local/mcuxpressoide-10.2.0_759/ide/tools/bin/../lib/gcc/arm-none-eabi/7.2.1/../../../../arm-none-eabi/lib/thumb/v7e-m/fpv4-sp/hard/libcr_semihost_nf.a(__sys_appexit.o)
                              /usr/local/mcuxpressoide-10.2.0_759/ide/tools/bin/../lib/gcc/arm-none-eabi/7.2.1/../../../../arm-none-eabi/lib/thumb/v7e-m/fpv4-sp/hard/libcr_semihost_nf.a(_cr_assert.o) (__sys_appexit)
/usr/local/mcuxpressoide-10.2.0_759/ide/tools/bin/../lib/gcc/arm-none-eabi/7.2.1/../../../../arm-none-eabi/lib/thumb/v7e-m/fpv4-sp/hard/libcr_c.a(memcpy.o)
                              ./drivers/fsl_enet.o (memcpy)
/usr/local/mcuxpressoide-10.2.0_759/ide/tools/bin/../lib/gcc/arm-none-eabi/7.2.1/../../../../arm-none-eabi/lib/thumb/v7e-m/fpv4-sp/hard/libcr_c.a(memset.o)
                              ./drivers/freertos/fsl_dspi_freertos.o (memset)
/usr/local/mcuxpressoide-10.2.0_759/ide/tools/bin/../lib/gcc/arm-none-eabi/7.2.1/../../../../arm-none-eabi/lib/thumb/v7e-m/fpv4-sp/hard/libcr_c.a(_deferredlazyseek.o)
                              /usr/local/mcuxpressoide-10.2.0_759/ide/tools/bin/../lib/gcc/arm-none-eabi/7.2.1/../../../../arm-none-eabi/lib/thumb/v7e-m/fpv4-sp/hard/libcr_semihost_nf.a(_cr_assert.o) (__flsbuf)
/usr/local/mcuxpressoide-10.2.0_759/ide/tools/bin/../lib/gcc/arm-none-eabi/7.2.1/../../../../arm-none-eabi/lib/thumb/v7e-m/fpv4-sp/hard/libcr_c.a(_fflush.o)
                              /usr/local/mcuxpressoide-10.2.0_759/ide/tools/bin/../lib/gcc/arm-none-eabi/7.2.1/../../../../arm-none-eabi/lib/thumb/v7e-m/fpv4-sp/hard/libcr_c.a(_deferredlazyseek.o) (_fflush)
/usr/local/mcuxpressoide-10.2.0_759/ide/tools/bin/../lib/gcc/arm-none-eabi/7.2.1/../../../../arm-none-eabi/lib/thumb/v7e-m/fpv4-sp/hard/libcr_c.a(_writebuf.o)
                              /usr/local/mcuxpressoide-10.2.0_759/ide/tools/bin/../lib/gcc/arm-none-eabi/7.2.1/../../../../arm-none-eabi/lib/thumb/v7e-m/fpv4-sp/hard/libcr_c.a(_deferredlazyseek.o) (_Cwritebuf)
/usr/local/mcuxpressoide-10.2.0_759/ide/tools/bin/../lib/gcc/arm-none-eabi/7.2.1/../../../../arm-none-eabi/lib/thumb/v7e-m/fpv4-sp/hard/libcr_c.a(alloc.o)
                              ./drivers/fsl_common.o (malloc)
/usr/local/mcuxpressoide-10.2.0_759/ide/tools/bin/../lib/gcc/arm-none-eabi/7.2.1/../../../../arm-none-eabi/lib/thumb/v7e-m/fpv4-sp/hard/libcr_c.a(fpprintf.o)
                              ./source/RTOS_Desktop_Clock.o (printf)
/usr/local/mcuxpressoide-10.2.0_759/ide/tools/bin/../lib/gcc/arm-none-eabi/7.2.1/../../../../arm-none-eabi/lib/thumb/v7e-m/fpv4-sp/hard/libcr_c.a(fputs.o)
                              /usr/local/mcuxpressoide-10.2.0_759/ide/tools/bin/../lib/gcc/arm-none-eabi/7.2.1/../../../../arm-none-eabi/lib/thumb/v7e-m/fpv4-sp/hard/libcr_semihost_nf.a(_cr_assert.o) (fputs)
/usr/local/mcuxpressoide-10.2.0_759/ide/tools/bin/../lib/gcc/arm-none-eabi/7.2.1/../../../../arm-none-eabi/lib/thumb/v7e-m/fpv4-sp/hard/libcr_c.a(fseek.o)
                              /usr/local/mcuxpressoide-10.2.0_759/ide/tools/bin/../lib/gcc/arm-none-eabi/7.2.1/../../../../arm-none-eabi/lib/thumb/v7e-m/fpv4-sp/hard/libcr_c.a(_deferredlazyseek.o) (fseek)
/usr/local/mcuxpressoide-10.2.0_759/ide/tools/bin/../lib/gcc/arm-none-eabi/7.2.1/../../../../arm-none-eabi/lib/thumb/v7e-m/fpv4-sp/hard/libcr_c.a(ftell.o)
                              /usr/local/mcuxpressoide-10.2.0_759/ide/tools/bin/../lib/gcc/arm-none-eabi/7.2.1/../../../../arm-none-eabi/lib/thumb/v7e-m/fpv4-sp/hard/libcr_c.a(fseek.o) (ftell)
/usr/local/mcuxpressoide-10.2.0_759/ide/tools/bin/../lib/gcc/arm-none-eabi/7.2.1/../../../../arm-none-eabi/lib/thumb/v7e-m/fpv4-sp/hard/libcr_c.a(initio.o)
                              /usr/local/mcuxpressoide-10.2.0_759/ide/tools/bin/../lib/gcc/arm-none-eabi/7.2.1/../../../../arm-none-eabi/lib/thumb/v7e-m/fpv4-sp/hard/libcr_semihost_nf.a(_cr__main.o) (_initio)
/usr/local/mcuxpressoide-10.2.0_759/ide/tools/bin/../lib/gcc/arm-none-eabi/7.2.1/../../../../arm-none-eabi/lib/thumb/v7e-m/fpv4-sp/hard/libcr_c.a(pow.o)
                              ./source/sht15.o (pow)
[...]
Memory Configuration

Name             Origin             Length             Attributes
PROGRAM_FLASH    0x0000000000000000 0x0000000000100000 xr
SRAM_UPPER       0x0000000020000000 0x0000000000030000 xrw
SRAM_LOWER       0x000000001fff0000 0x0000000000010000 xrw
FLEX_RAM         0x0000000014000000 0x0000000000001000 xrw
*default*        0x0000000000000000 0xffffffffffffffff

Linker script and memory map

LOAD ./utilities/fsl_debug_console.o
LOAD ./utilities/fsl_io.o
LOAD ./utilities/fsl_log.o
LOAD ./utilities/fsl_str.o
LOAD ./startup/startup_mk64f12.o
LOAD ./source/RTOS_Desktop_Clock.o
LOAD ./source/semihost_hardfault.o
LOAD ./source/sht15.o
LOAD ./drivers/freertos/fsl_dspi_freertos.o
LOAD ./drivers/freertos/fsl_i2c_freertos.o
LOAD ./drivers/freertos/fsl_uart_freertos.o
LOAD ./drivers/fsl_adc16.o
LOAD ./drivers/fsl_clock.o
LOAD ./drivers/fsl_cmp.o
LOAD ./drivers/fsl_cmt.o
LOAD ./drivers/fsl_common.o
LOAD ./drivers/fsl_crc.o
LOAD ./drivers/fsl_dac.o
LOAD ./drivers/fsl_dmamux.o
LOAD ./drivers/fsl_dspi.o
LOAD ./drivers/fsl_dspi_edma.o
LOAD ./drivers/fsl_edma.o
LOAD ./drivers/fsl_enet.o
LOAD ./drivers/fsl_ewm.o
LOAD ./drivers/fsl_flexbus.o
LOAD ./drivers/fsl_flexcan.o
LOAD ./drivers/fsl_ftfx_cache.o
LOAD ./drivers/fsl_ftfx_controller.o
LOAD ./drivers/fsl_ftfx_flash.o
LOAD ./drivers/fsl_ftfx_flexnvm.o
LOAD ./drivers/fsl_ftm.o
LOAD ./drivers/fsl_gpio.o
LOAD ./drivers/fsl_i2c.o
LOAD ./drivers/fsl_i2c_edma.o
LOAD ./drivers/fsl_llwu.o
LOAD ./drivers/fsl_lptmr.o
LOAD ./drivers/fsl_pdb.o
LOAD ./drivers/fsl_pit.o
LOAD ./drivers/fsl_pmc.o
LOAD ./drivers/fsl_rcm.o
LOAD ./drivers/fsl_rnga.o
LOAD ./drivers/fsl_rtc.o
LOAD ./drivers/fsl_sai.o
LOAD ./drivers/fsl_sai_edma.o
LOAD ./drivers/fsl_sdhc.o
LOAD ./drivers/fsl_sim.o
LOAD ./drivers/fsl_smc.o
LOAD ./drivers/fsl_sysmpu.o
LOAD ./drivers/fsl_uart.o
LOAD ./drivers/fsl_uart_edma.o
LOAD ./drivers/fsl_vref.o
LOAD ./drivers/fsl_wdog.o
LOAD ./board/board.o
LOAD ./board/clock_config.o
LOAD ./board/peripherals.o
LOAD ./board/pin_mux.o
LOAD ./amazon-freertos/portable/fsl_tickless_systick.o
LOAD ./amazon-freertos/portable/heap_4.o
LOAD ./amazon-freertos/FreeRTOS/portable/port.o
LOAD ./amazon-freertos/FreeRTOS/event_groups.o
LOAD ./amazon-freertos/FreeRTOS/list.o
LOAD ./amazon-freertos/FreeRTOS/queue.o
LOAD ./amazon-freertos/FreeRTOS/stream_buffer.o
LOAD ./amazon-freertos/FreeRTOS/tasks.o
LOAD ./amazon-freertos/FreeRTOS/timers.o
LOAD ./CMSIS/system_MK64F12.o
START GROUP
LOAD /usr/local/mcuxpressoide-10.2.0_759/ide/tools/bin/../lib/gcc/arm-none-eabi/7.2.1/../../../../arm-none-eabi/lib/thumb/v7e-m/fpv4-sp/hard/libcr_semihost_nf.a
LOAD /usr/local/mcuxpressoide-10.2.0_759/ide/tools/bin/../lib/gcc/arm-none-eabi/7.2.1/../../../../arm-none-eabi/lib/thumb/v7e-m/fpv4-sp/hard/libcr_c.a
LOAD /usr/local/mcuxpressoide-10.2.0_759/ide/tools/bin/../lib/gcc/arm-none-eabi/7.2.1/thumb/v7e-m/fpv4-sp/hard/libcr_eabihelpers.a
END GROUP
                0x0000000000000000                __base_PROGRAM_FLASH = 0x0
                0x0000000000000000                __base_Flash = 0x0
                0x0000000000100000                __top_PROGRAM_FLASH = 0x100000
                0x0000000000100000                __top_Flash = 0x100000
                0x0000000020000000                __base_SRAM_UPPER = 0x20000000
                0x0000000020000000                __base_RAM = 0x20000000
                0x0000000020030000                __top_SRAM_UPPER = 0x20030000
                0x0000000020030000                __top_RAM = 0x20030000
                0x000000001fff0000                __base_SRAM_LOWER = 0x1fff0000
                0x000000001fff0000                __base_RAM2 = 0x1fff0000
                0x0000000020000000                __top_SRAM_LOWER = 0x20000000
                0x0000000020000000                __top_RAM2 = 0x20000000
                0x0000000014000000                __base_FLEX_RAM = 0x14000000
                0x0000000014000000                __base_RAM3 = 0x14000000
                0x0000000014001000                __top_FLEX_RAM = 0x14001000
                0x0000000014001000                __top_RAM3 = 0x14001000

.text           0x0000000000000000     0xa5e8
 FILL mask 0xff
                0x0000000000000000                __vectors_start__ = ABSOLUTE (.)
 *(SORT_BY_ALIGNMENT(.isr_vector))
 .isr_vector    0x0000000000000000      0x198 ./startup/startup_mk64f12.o
                0x0000000000000000                __Vectors
                0x0000000000000000                g_pfnVectors
                0x0000000000000198                . = ALIGN (0x4)
                0x0000000000000198                __section_table_start = .
                0x0000000000000198                __data_section_table = .
                0x0000000000000198        0x4 LONG 0xa5e8 LOADADDR (.data)
                0x000000000000019c        0x4 LONG 0x20000000 ADDR (.data)
                0x00000000000001a0        0x4 LONG 0x10 SIZEOF (.data)
                0x00000000000001a4        0x4 LONG 0xa5e8 LOADADDR (.data_RAM2)
                0x00000000000001a8        0x4 LONG 0x1fff0000 ADDR (.data_RAM2)
                0x00000000000001ac        0x4 LONG 0x0 SIZEOF (.data_RAM2)
                0x00000000000001b0        0x4 LONG 0xa5e8 LOADADDR (.data_RAM3)
                0x00000000000001b4        0x4 LONG 0x14000000 ADDR (.data_RAM3)
                0x00000000000001b8        0x4 LONG 0x0 SIZEOF (.data_RAM3)
                0x00000000000001bc                __data_section_table_end = .
                0x00000000000001bc                __bss_section_table = .
                0x00000000000001bc        0x4 LONG 0x20000010 ADDR (.bss)
                0x00000000000001c0        0x4 LONG 0x2b40 SIZEOF (.bss)
                0x00000000000001c4        0x4 LONG 0x1fff0000 ADDR (.bss_RAM2)
                0x00000000000001c8        0x4 LONG 0x0 SIZEOF (.bss_RAM2)
                0x00000000000001cc        0x4 LONG 0x14000000 ADDR (.bss_RAM3)
                0x00000000000001d0        0x4 LONG 0x0 SIZEOF (.bss_RAM3)
                0x00000000000001d4                __bss_section_table_end = .
                0x00000000000001d4                __section_table_end = .
 *(SORT_BY_ALIGNMENT(.after_vectors*))
 .after_vectors.reset
                0x00000000000001d4       0x4c ./startup/startup_mk64f12.o
                0x00000000000001d4                ResetISR
 .after_vectors.init_data
                0x0000000000000220       0x1e ./startup/startup_mk64f12.o
                0x0000000000000220                data_init
 .after_vectors.init_bss
                0x000000000000023e       0x12 ./startup/startup_mk64f12.o
                0x000000000000023e                bss_init
 .after_vectors
                0x0000000000000250       0x14 ./startup/startup_mk64f12.o
                0x0000000000000250                NMI_Handler
                0x0000000000000254                MemManage_Handler
                0x0000000000000256                BusFault_Handler
                0x0000000000000258                UsageFault_Handler
                0x000000000000025c                DebugMon_Handler
                0x0000000000000262                PORTB_DriverIRQHandler
                0x0000000000000262                LPTMR0_DriverIRQHandler
                0x0000000000000262                DMA_Error_DriverIRQHandler
                0x0000000000000262                FTM1_DriverIRQHandler
                0x0000000000000262                FTM2_DriverIRQHandler
                0x0000000000000262                PIT2_DriverIRQHandler
                0x0000000000000262                RTC_Seconds_DriverIRQHandler
                0x0000000000000262                LLWU_DriverIRQHandler
                0x0000000000000262                MCM_DriverIRQHandler
                0x0000000000000262                MCG_DriverIRQHandler
                0x0000000000000262                ENET_1588_Timer_DriverIRQHandler
                0x0000000000000262                DAC1_DriverIRQHandler
                0x0000000000000262                CMP1_DriverIRQHandler
                0x0000000000000262                FTM0_DriverIRQHandler
                0x0000000000000262                IntDefaultHandler
                0x0000000000000262                USB0_DriverIRQHandler
                0x0000000000000262                UART5_ERR_DriverIRQHandler
                0x0000000000000262                PORTC_DriverIRQHandler
                0x0000000000000262                DAC0_DriverIRQHandler
                0x0000000000000262                CMP2_DriverIRQHandler
                0x0000000000000262                UART2_ERR_DriverIRQHandler
                0x0000000000000262                LVD_LVW_DriverIRQHandler
                0x0000000000000262                PIT0_DriverIRQHandler
                0x0000000000000262                RNG_DriverIRQHandler
                0x0000000000000262                USBDCD_DriverIRQHandler
                0x0000000000000262                UART3_ERR_DriverIRQHandler
                0x0000000000000262                UART0_ERR_DriverIRQHandler
                0x0000000000000262                CMT_DriverIRQHandler
                0x0000000000000262                Reserved71_DriverIRQHandler
                0x0000000000000262                ADC1_DriverIRQHandler
                0x0000000000000262                PORTA_DriverIRQHandler
                0x0000000000000262                PIT3_DriverIRQHandler
                0x0000000000000262                PIT1_DriverIRQHandler
                0x0000000000000262                WDOG_EWM_DriverIRQHandler
                0x0000000000000262                PDB0_DriverIRQHandler
                0x0000000000000262                RTC_DriverIRQHandler
                0x0000000000000262                Read_Collision_DriverIRQHandler
                0x0000000000000262                SWI_DriverIRQHandler
                0x0000000000000262                UART4_ERR_DriverIRQHandler
                0x0000000000000262                UART0_LON_DriverIRQHandler
                0x0000000000000262                ENET_Receive_DriverIRQHandler
                0x0000000000000262                ENET_Error_DriverIRQHandler
                0x0000000000000262                ADC0_DriverIRQHandler
                0x0000000000000262                CMP0_DriverIRQHandler
                0x0000000000000262                FTM3_DriverIRQHandler
                0x0000000000000262                UART1_ERR_DriverIRQHandler
                0x0000000000000262                ENET_Transmit_DriverIRQHandler
                0x0000000000000262                PORTD_DriverIRQHandler
                0x0000000000000262                PORTE_DriverIRQHandler
                0x0000000000000262                FTFE_DriverIRQHandler
                0x0000000000000400                . = 0x400
 *fill*         0x0000000000000264      0x19c ff
                0x0000000000000400                PROVIDE (__FLASH_CONFIG_START__, .)
 *(SORT_BY_ALIGNMENT(.FlashConfig))
 .FlashConfig   0x0000000000000400       0x10 ./startup/startup_mk64f12.o
                0x0000000000000400                Flash_Config
                0x0000000000000410                PROVIDE (__FLASH_CONFIG_END__, .)
                0x0000000000000001                ASSERT (! ((__FLASH_CONFIG_START__ == __FLASH_CONFIG_END__)), Linker Flash Config Support Enabled, but no .FlashConfig section provided within application)
 *(SORT_BY_ALIGNMENT(.text*))
 .text.SVC_Handler
                0x0000000000000410       0x28 ./amazon-freertos/FreeRTOS/portable/port.o
                0x0000000000000410                SVC_Handler
 *fill*         0x0000000000000438        0x8 ff
 .text.PendSV_Handler
                0x0000000000000440       0x68 ./amazon-freertos/FreeRTOS/portable/port.o
                0x0000000000000440                PendSV_Handler
 .text.SHT15_Read_Temp_Humi
                0x00000000000004a8      0x270 ./source/sht15.o
                0x00000000000004a8                SHT15_Read_Temp_Humi
 .text.fp_display
                0x0000000000000718      0x974 /usr/local/mcuxpressoide-10.2.0_759/ide/tools/bin/../lib/gcc/arm-none-eabi/7.2.1/../../../../arm-none-eabi/lib/thumb/v7e-m/fpv4-sp/hard/libcr_c.a(fpprintf.o)
 *fill*         0x000000000000108c        0x4 ff
 .text.pow      0x0000000000001090      0x55c /usr/local/mcuxpressoide-10.2.0_759/ide/tools/bin/../lib/gcc/arm-none-eabi/7.2.1/../../../../arm-none-eabi/lib/thumb/v7e-m/fpv4-sp/hard/libcr_c.a(pow.o)
                0x0000000000001090                pow
 *fill*         0x00000000000015ec        0x4 ff
 .text._frexpl  0x00000000000015f0       0x68 /usr/local/mcuxpressoide-10.2.0_759/ide/tools/bin/../lib/gcc/arm-none-eabi/7.2.1/../../../../arm-none-eabi/lib/thumb/v7e-m/fpv4-sp/hard/libcr_c.a(_frexpl.o)
                0x00000000000015f0                _frexpl
 .text._ldexpl  0x0000000000001658       0x58 /usr/local/mcuxpressoide-10.2.0_759/ide/tools/bin/../lib/gcc/arm-none-eabi/7.2.1/../../../../arm-none-eabi/lib/thumb/v7e-m/fpv4-sp/hard/libcr_c.a(_ldexpl.o)
                0x0000000000001658                _ldexpl
 .text.frexp    0x00000000000016b0       0x68 /usr/local/mcuxpressoide-10.2.0_759/ide/tools/bin/../lib/gcc/arm-none-eabi/7.2.1/../../../../arm-none-eabi/lib/thumb/v7e-m/fpv4-sp/hard/libcr_c.a(frexp.o)
                0x00000000000016b0                frexp
 .text.ldexp    0x0000000000001718       0x58 /usr/local/mcuxpressoide-10.2.0_759/ide/tools/bin/../lib/gcc/arm-none-eabi/7.2.1/../../../../arm-none-eabi/lib/thumb/v7e-m/fpv4-sp/hard/libcr_c.a(ldexp.o)
                0x0000000000001718                ldexp
 .text.DbgConsole_Init
                0x0000000000001770       0x38 ./utilities/fsl_debug_console.o
                0x0000000000001770                DbgConsole_Init
 .text.IO_Init  0x00000000000017a8       0x80 ./utilities/fsl_io.o
                0x00000000000017a8                IO_Init
 .text.main     0x0000000000001828       0x80 ./source/RTOS_Desktop_Clock.o
                0x0000000000001828                main
 .text.Task_Show_Data
                0x00000000000018a8       0x64 ./source/RTOS_Desktop_Clock.o
 .text.Task_ADQ_Environment
                0x000000000000190c       0x70 ./source/RTOS_Desktop_Clock.o
 .text.SHT15_Init
                0x000000000000197c       0x5c ./source/sht15.o
                0x000000000000197c                SHT15_Init
 .text.SHT15_Get_Raw_Temperature
                0x00000000000019d8       0xc0 ./source/sht15.o
                0x00000000000019d8                SHT15_Get_Raw_Temperature
 .text.SHT15_Get_Raw_Humidity
                0x0000000000001a98       0xc0 ./source/sht15.o
                0x0000000000001a98                SHT15_Get_Raw_Humidity
 .text.SHT15_Generate_Start
                0x0000000000001b58       0x58 ./source/sht15.o
                0x0000000000001b58                SHT15_Generate_Start
 .text.SHT15_Shift_Out
                0x0000000000001bb0       0x9c ./source/sht15.o
                0x0000000000001bb0                SHT15_Shift_Out
 .text.SHT15_Shift_In
                0x0000000000001c4c       0x9c ./source/sht15.o
                0x0000000000001c4c                SHT15_Shift_In
 .text.SHT15_Get_Sensor_Status
                0x0000000000001ce8       0x30 ./source/sht15.o
                0x0000000000001ce8                SHT15_Get_Sensor_Status
 .text.SHT15_Make_Data_Pin_Output
                0x0000000000001d18       0x1c ./source/sht15.o
                0x0000000000001d18                SHT15_Make_Data_Pin_Output
 .text.SHT15_Make_Data_Pin_Input
                0x0000000000001d34       0x1c ./source/sht15.o
                0x0000000000001d34                SHT15_Make_Data_Pin_Input
 .text.CLOCK_SetEr32kClock
                0x0000000000001d50       0x30 ./drivers/fsl_clock.o
 .text.CLOCK_SetPllFllSelClock
                0x0000000000001d80       0x3c ./drivers/fsl_clock.o
 .text.CLOCK_GetMcgExtClkFreq
                0x0000000000001dbc       0x78 ./drivers/fsl_clock.o
 .text.CLOCK_GetFllExtRefClkFreq
                0x0000000000001e34       0xd0 ./drivers/fsl_clock.o
 .text.CLOCK_GetInternalRefClkSelectFreq
                0x0000000000001f04       0x44 ./drivers/fsl_clock.o
 .text.CLOCK_GetFllRefClkFreq
                0x0000000000001f48       0x2c ./drivers/fsl_clock.o
 .text.CLOCK_GetCoreSysClkFreq
                0x0000000000001f74       0x28 ./drivers/fsl_clock.o
                0x0000000000001f74                CLOCK_GetCoreSysClkFreq
 .text.CLOCK_SetSimConfig
                0x0000000000001f9c       0x38 ./drivers/fsl_clock.o
                0x0000000000001f9c                CLOCK_SetSimConfig
 .text.CLOCK_GetOutClkFreq
                0x0000000000001fd4       0x64 ./drivers/fsl_clock.o
                0x0000000000001fd4                CLOCK_GetOutClkFreq
 .text.CLOCK_GetFllFreq
                0x0000000000002038       0x7c ./drivers/fsl_clock.o
                0x0000000000002038                CLOCK_GetFllFreq
 .text.CLOCK_GetPll0Freq
                0x00000000000020b4       0x68 ./drivers/fsl_clock.o
                0x00000000000020b4                CLOCK_GetPll0Freq
 .text.CLOCK_SetInternalRefClkConfig
                0x000000000000211c      0x104 ./drivers/fsl_clock.o
                0x000000000000211c                CLOCK_SetInternalRefClkConfig
 .text.CLOCK_SetFeiMode
                0x0000000000002220       0xc0 ./drivers/fsl_clock.o
                0x0000000000002220                CLOCK_SetFeiMode
 .text.DSPI_CommonIRQHandler
                0x00000000000022e0       0x40 ./drivers/fsl_dspi.o
 .text.SPI0_DriverIRQHandler
                0x0000000000002320       0x30 ./drivers/fsl_dspi.o
                0x0000000000002320                SPI0_DriverIRQHandler
 .text.SPI1_DriverIRQHandler
                0x0000000000002350       0x30 ./drivers/fsl_dspi.o
                0x0000000000002350                SPI1_DriverIRQHandler
 .text.SPI2_DriverIRQHandler
                0x0000000000002380       0x30 ./drivers/fsl_dspi.o
                0x0000000000002380                SPI2_DriverIRQHandler
 .text.EDMA_HandleIRQ
                0x00000000000023b0      0x144 ./drivers/fsl_edma.o
                0x00000000000023b0                EDMA_HandleIRQ
 .text.DMA0_DriverIRQHandler
                0x00000000000024f4       0x1c ./drivers/fsl_edma.o
                0x00000000000024f4                DMA0_DriverIRQHandler
 .text.DMA1_DriverIRQHandler
                0x0000000000002510       0x1c ./drivers/fsl_edma.o
                0x0000000000002510                DMA1_DriverIRQHandler
 .text.DMA2_DriverIRQHandler
                0x000000000000252c       0x1c ./drivers/fsl_edma.o
                0x000000000000252c                DMA2_DriverIRQHandler
 .text.DMA3_DriverIRQHandler
                0x0000000000002548       0x1c ./drivers/fsl_edma.o
                0x0000000000002548                DMA3_DriverIRQHandler
 .text.DMA4_DriverIRQHandler
                0x0000000000002564       0x1c ./drivers/fsl_edma.o
                0x0000000000002564                DMA4_DriverIRQHandler
 .text.DMA5_DriverIRQHandler
                0x0000000000002580       0x1c ./drivers/fsl_edma.o
                0x0000000000002580                DMA5_DriverIRQHandler
 .text.DMA6_DriverIRQHandler
                0x000000000000259c       0x1c ./drivers/fsl_edma.o
                0x000000000000259c                DMA6_DriverIRQHandler
 .text.DMA7_DriverIRQHandler
                0x00000000000025b8       0x1c ./drivers/fsl_edma.o
                0x00000000000025b8                DMA7_DriverIRQHandler
 .text.DMA8_DriverIRQHandler
                0x00000000000025d4       0x1c ./drivers/fsl_edma.o
                0x00000000000025d4                DMA8_DriverIRQHandler
 .text.DMA9_DriverIRQHandler
                0x00000000000025f0       0x1c ./drivers/fsl_edma.o
                0x00000000000025f0                DMA9_DriverIRQHandler
 .text.DMA10_DriverIRQHandler
                0x000000000000260c       0x1c ./drivers/fsl_edma.o
                0x000000000000260c                DMA10_DriverIRQHandler
 .text.DMA11_DriverIRQHandler
                0x0000000000002628       0x1c ./drivers/fsl_edma.o
                0x0000000000002628                DMA11_DriverIRQHandler
 .text.DMA12_DriverIRQHandler
                0x0000000000002644       0x1c ./drivers/fsl_edma.o
                0x0000000000002644                DMA12_DriverIRQHandler
 .text.DMA13_DriverIRQHandler
                0x0000000000002660       0x1c ./drivers/fsl_edma.o
                0x0000000000002660                DMA13_DriverIRQHandler
 .text.DMA14_DriverIRQHandler
                0x000000000000267c       0x1c ./drivers/fsl_edma.o
                0x000000000000267c                DMA14_DriverIRQHandler
 .text.DMA15_DriverIRQHandler
                0x0000000000002698       0x1c ./drivers/fsl_edma.o
                0x0000000000002698                DMA15_DriverIRQHandler
 .text.ENET_Transmit_IRQHandler
                0x00000000000026b4       0x28 ./drivers/fsl_enet.o
                0x00000000000026b4                ENET_Transmit_IRQHandler
 .text.ENET_Receive_IRQHandler
                0x00000000000026dc       0x28 ./drivers/fsl_enet.o
                0x00000000000026dc                ENET_Receive_IRQHandler
 .text.ENET_Error_IRQHandler
                0x0000000000002704       0x28 ./drivers/fsl_enet.o
                0x0000000000002704                ENET_Error_IRQHandler
 .text.ENET_1588_Timer_IRQHandler
                0x000000000000272c       0x28 ./drivers/fsl_enet.o
                0x000000000000272c                ENET_1588_Timer_IRQHandler
 .text.CAN0_DriverIRQHandler
                0x0000000000002754       0x38 ./drivers/fsl_flexcan.o
                0x0000000000002754                CAN0_DriverIRQHandler
 .text.GPIO_PinInit
                0x000000000000278c       0x64 ./drivers/fsl_gpio.o
                0x000000000000278c                GPIO_PinInit
 .text.I2C_TransferCommonIRQHandler
                0x00000000000027f0       0x50 ./drivers/fsl_i2c.o
 .text.I2C0_DriverIRQHandler
                0x0000000000002840       0x1c ./drivers/fsl_i2c.o
                0x0000000000002840                I2C0_DriverIRQHandler
 .text.I2C1_DriverIRQHandler
                0x000000000000285c       0x1c ./drivers/fsl_i2c.o
                0x000000000000285c                I2C1_DriverIRQHandler
 .text.I2C2_DriverIRQHandler
                0x0000000000002878       0x1c ./drivers/fsl_i2c.o
                0x0000000000002878                I2C2_DriverIRQHandler
 .text.I2S0_Tx_DriverIRQHandler
                0x0000000000002894       0x38 ./drivers/fsl_sai.o
                0x0000000000002894                I2S0_Tx_DriverIRQHandler
 .text.I2S0_Rx_DriverIRQHandler
                0x00000000000028cc       0x38 ./drivers/fsl_sai.o
                0x00000000000028cc                I2S0_Rx_DriverIRQHandler
 .text.SDHC_DriverIRQHandler
                0x0000000000002904       0x38 ./drivers/fsl_sdhc.o
                0x0000000000002904                SDHC_DriverIRQHandler
 .text.UART_GetInstance
                0x000000000000293c       0x54 ./drivers/fsl_uart.o
                0x000000000000293c                UART_GetInstance
 .text.UART_Init
                0x0000000000002990      0x2d8 ./drivers/fsl_uart.o
                0x0000000000002990                UART_Init
 .text.UART_GetDefaultConfig
                0x0000000000002c68       0x60 ./drivers/fsl_uart.o
                0x0000000000002c68                UART_GetDefaultConfig
 .text.UART0_DriverIRQHandler
                0x0000000000002cc8       0x28 ./drivers/fsl_uart.o
                0x0000000000002cc8                UART0_DriverIRQHandler
 .text.UART1_DriverIRQHandler
                0x0000000000002cf0       0x28 ./drivers/fsl_uart.o
                0x0000000000002cf0                UART1_DriverIRQHandler
 .text.UART2_DriverIRQHandler
                0x0000000000002d18       0x28 ./drivers/fsl_uart.o
                0x0000000000002d18                UART2_DriverIRQHandler
 .text.UART3_DriverIRQHandler
                0x0000000000002d40       0x28 ./drivers/fsl_uart.o
                0x0000000000002d40                UART3_DriverIRQHandler
 .text.UART4_DriverIRQHandler
                0x0000000000002d68       0x28 ./drivers/fsl_uart.o
                0x0000000000002d68                UART4_DriverIRQHandler
 .text.UART5_DriverIRQHandler
                0x0000000000002d90       0x28 ./drivers/fsl_uart.o
                0x0000000000002d90                UART5_DriverIRQHandler
 .text.BOARD_InitDebugConsole
                0x0000000000002db8       0x28 ./board/board.o
                0x0000000000002db8                BOARD_InitDebugConsole
 .text.CLOCK_SetSimSafeDivs
                0x0000000000002de0       0x20 ./board/clock_config.o
 .text.BOARD_BootClockRUN
                0x0000000000002e00       0x40 ./board/clock_config.o
                0x0000000000002e00                BOARD_BootClockRUN
 .text.PORT_SetPinConfig
                0x0000000000002e40       0x38 ./board/pin_mux.o
 .text.BOARD_InitDEBUG_UART
                0x0000000000002e78       0x6c ./board/pin_mux.o
                0x0000000000002e78                BOARD_InitDEBUG_UART
 .text.vPortSetupTimerInterrupt
                0x0000000000002ee4       0x48 ./amazon-freertos/portable/fsl_tickless_systick.o
                0x0000000000002ee4                vPortSetupTimerInterrupt
 .text.pvPortMalloc
                0x0000000000002f2c      0x184 ./amazon-freertos/portable/heap_4.o
                0x0000000000002f2c                pvPortMalloc
 .text.vPortFree
                0x00000000000030b0       0xb0 ./amazon-freertos/portable/heap_4.o
                0x00000000000030b0                vPortFree
 .text.prvHeapInit
                0x0000000000003160       0xc4 ./amazon-freertos/portable/heap_4.o
 .text.prvInsertBlockIntoFreeList
                0x0000000000003224       0xb4 ./amazon-freertos/portable/heap_4.o
 .text.pxPortInitialiseStack
                0x00000000000032d8       0x68 ./amazon-freertos/FreeRTOS/portable/port.o
                0x00000000000032d8                pxPortInitialiseStack
 .text.prvTaskExitError
                0x0000000000003340       0x54 ./amazon-freertos/FreeRTOS/portable/port.o
 .text.prvPortStartFirstTask
                0x0000000000003394       0x28 ./amazon-freertos/FreeRTOS/portable/port.o
 .text.xPortStartScheduler
                0x00000000000033bc      0x13c ./amazon-freertos/FreeRTOS/portable/port.o
                0x00000000000033bc                xPortStartScheduler
 .text.vPortEnterCritical
                0x00000000000034f8       0x5c ./amazon-freertos/FreeRTOS/portable/port.o
                0x00000000000034f8                vPortEnterCritical
 .text.vPortExitCritical
                0x0000000000003554       0x50 ./amazon-freertos/FreeRTOS/portable/port.o
                0x0000000000003554                vPortExitCritical
 .text.SysTick_Handler
                0x00000000000035a4       0x40 ./amazon-freertos/FreeRTOS/portable/port.o
                0x00000000000035a4                SysTick_Handler
 .text.vPortEnableVFP
                0x00000000000035e4       0x14 ./amazon-freertos/FreeRTOS/portable/port.o
 .text.vPortValidateInterruptPriority
                0x00000000000035f8       0x7c ./amazon-freertos/FreeRTOS/portable/port.o
                0x00000000000035f8                vPortValidateInterruptPriority
 .text.xQueueGenericReset
                0x0000000000003674       0xd0 ./amazon-freertos/FreeRTOS/queue.o
                0x0000000000003674                xQueueGenericReset
 .text.xQueueGenericSend
                0x0000000000003744      0x1f4 ./amazon-freertos/FreeRTOS/queue.o
                0x0000000000003744                xQueueGenericSend
 .text.xQueueReceive
                0x0000000000003938      0x1b8 ./amazon-freertos/FreeRTOS/queue.o
                0x0000000000003938                xQueueReceive
 .text.vQueueAddToRegistry
                0x0000000000003af0       0x50 ./amazon-freertos/FreeRTOS/queue.o
                0x0000000000003af0                vQueueAddToRegistry
 .text.prvAddNewTaskToReadyList
                0x0000000000003b40       0xdc ./amazon-freertos/FreeRTOS/tasks.o
 .text.vTaskDelay
                0x0000000000003c1c       0x68 ./amazon-freertos/FreeRTOS/tasks.o
                0x0000000000003c1c                vTaskDelay
 .text.vTaskStartScheduler
                0x0000000000003c84       0x98 ./amazon-freertos/FreeRTOS/tasks.o
                0x0000000000003c84                vTaskStartScheduler
 .text.vTaskSuspendAll
                0x0000000000003d1c       0x1c ./amazon-freertos/FreeRTOS/tasks.o
                0x0000000000003d1c                vTaskSuspendAll
 .text.xTaskResumeAll
                0x0000000000003d38      0x138 ./amazon-freertos/FreeRTOS/tasks.o
                0x0000000000003d38                xTaskResumeAll
 .text.xTaskGetTickCount
                0x0000000000003e70       0x20 ./amazon-freertos/FreeRTOS/tasks.o
                0x0000000000003e70                xTaskGetTickCount
 .text.xTaskIncrementTick
                0x0000000000003e90      0x158 ./amazon-freertos/FreeRTOS/tasks.o
                0x0000000000003e90                xTaskIncrementTick
 .text.vTaskSwitchContext
                0x0000000000003fe8       0xb4 ./amazon-freertos/FreeRTOS/tasks.o
                0x0000000000003fe8                vTaskSwitchContext
 .text.vTaskPlaceOnEventList
                0x000000000000409c       0x48 ./amazon-freertos/FreeRTOS/tasks.o
                0x000000000000409c                vTaskPlaceOnEventList
 .text.vTaskPlaceOnEventListRestricted
                0x00000000000040e4       0x54 ./amazon-freertos/FreeRTOS/tasks.o
                0x00000000000040e4                vTaskPlaceOnEventListRestricted
 .text.xTaskRemoveFromEventList
                0x0000000000004138       0xc4 ./amazon-freertos/FreeRTOS/tasks.o
                0x0000000000004138                xTaskRemoveFromEventList
 .text.vTaskInternalSetTimeOutState
                0x00000000000041fc       0x2c ./amazon-freertos/FreeRTOS/tasks.o
                0x00000000000041fc                vTaskInternalSetTimeOutState
 .text.xTaskCheckForTimeOut
                0x0000000000004228       0xc0 ./amazon-freertos/FreeRTOS/tasks.o
                0x0000000000004228                xTaskCheckForTimeOut
 .text.vTaskMissedYield
                0x00000000000042e8       0x18 ./amazon-freertos/FreeRTOS/tasks.o
                0x00000000000042e8                vTaskMissedYield
 .text.prvIdleTask
                0x0000000000004300       0x30 ./amazon-freertos/FreeRTOS/tasks.o
 .text.prvInitialiseTaskLists
                0x0000000000004330       0x80 ./amazon-freertos/FreeRTOS/tasks.o
 .text.prvCheckTasksWaitingTermination
                0x00000000000043b0       0x58 ./amazon-freertos/FreeRTOS/tasks.o
 .text.prvResetNextTaskUnblockTime
                0x0000000000004408       0x4c ./amazon-freertos/FreeRTOS/tasks.o
 .text.xTaskGetSchedulerState
                0x0000000000004454       0x3c ./amazon-freertos/FreeRTOS/tasks.o
                0x0000000000004454                xTaskGetSchedulerState
 .text.xTaskPriorityDisinherit
                0x0000000000004490      0x108 ./amazon-freertos/FreeRTOS/tasks.o
                0x0000000000004490                xTaskPriorityDisinherit
 .text.prvAddCurrentTaskToDelayedList
                0x0000000000004598       0xcc ./amazon-freertos/FreeRTOS/tasks.o
 .text.xTimerCreateTimerTask
                0x0000000000004664       0x60 ./amazon-freertos/FreeRTOS/timers.o
                0x0000000000004664                xTimerCreateTimerTask
 .text.xTimerGenericCommand
                0x00000000000046c4       0x98 ./amazon-freertos/FreeRTOS/timers.o
                0x00000000000046c4                xTimerGenericCommand
 .text.prvProcessExpiredTimer
                0x000000000000475c       0x80 ./amazon-freertos/FreeRTOS/timers.o
 .text.prvProcessTimerOrBlockTask
                0x00000000000047dc       0x9c ./amazon-freertos/FreeRTOS/timers.o
 .text.prvGetNextExpireTime
                0x0000000000004878       0x48 ./amazon-freertos/FreeRTOS/timers.o
 .text.prvSampleTimeNow
                0x00000000000048c0       0x40 ./amazon-freertos/FreeRTOS/timers.o
 .text.prvInsertTimerInActiveList
                0x0000000000004900       0x84 ./amazon-freertos/FreeRTOS/timers.o
 .text.prvProcessReceivedCommands
                0x0000000000004984      0x154 ./amazon-freertos/FreeRTOS/timers.o
 .text.prvSwitchTimerLists
                0x0000000000004ad8       0xc0 ./amazon-freertos/FreeRTOS/timers.o
 .text.prvCheckForValidListAndQueue
                0x0000000000004b98       0x6c ./amazon-freertos/FreeRTOS/timers.o
 .text.SystemInit
                0x0000000000004c04       0x3c ./CMSIS/system_MK64F12.o
                0x0000000000004c04                SystemInit
 .text.__assertion_failed
                0x0000000000004c40       0x4c /usr/local/mcuxpressoide-10.2.0_759/ide/tools/bin/../lib/gcc/arm-none-eabi/7.2.1/../../../../arm-none-eabi/lib/thumb/v7e-m/fpv4-sp/hard/libcr_semihost_nf.a(_cr_assert.o)
                0x0000000000004c40                __assertion_failed
 .text.__sys_appexit
                0x0000000000004c8c        0xc /usr/local/mcuxpressoide-10.2.0_759/ide/tools/bin/../lib/gcc/arm-none-eabi/7.2.1/../../../../arm-none-eabi/lib/thumb/v7e-m/fpv4-sp/hard/libcr_semihost_nf.a(__sys_appexit.o)
                0x0000000000004c8c                __exit
                0x0000000000004c8c                __sys_appexit
 .text._Cwritebuf
                0x0000000000004c98       0x6c /usr/local/mcuxpressoide-10.2.0_759/ide/tools/bin/../lib/gcc/arm-none-eabi/7.2.1/../../../../arm-none-eabi/lib/thumb/v7e-m/fpv4-sp/hard/libcr_c.a(_writebuf.o)
                0x0000000000004c98                _Cwritebuf
 .text.malloc   0x0000000000004d04       0xc8 /usr/local/mcuxpressoide-10.2.0_759/ide/tools/bin/../lib/gcc/arm-none-eabi/7.2.1/../../../../arm-none-eabi/lib/thumb/v7e-m/fpv4-sp/hard/libcr_c.a(alloc.o)
                0x0000000000004d04                malloc
 .text._Csys_alloc
                0x0000000000004dcc       0x20 /usr/local/mcuxpressoide-10.2.0_759/ide/tools/bin/../lib/gcc/arm-none-eabi/7.2.1/../../../../arm-none-eabi/lib/thumb/v7e-m/fpv4-sp/hard/libcr_c.a(alloc.o)
                0x0000000000004dcc                _Csys_alloc
 .text.sprintf  0x0000000000004dec       0x6c /usr/local/mcuxpressoide-10.2.0_759/ide/tools/bin/../lib/gcc/arm-none-eabi/7.2.1/../../../../arm-none-eabi/lib/thumb/v7e-m/fpv4-sp/hard/libcr_c.a(fpprintf.o)
                0x0000000000004dec                sprintf
 .text.vsnprintf
                0x0000000000004e58       0x5c /usr/local/mcuxpressoide-10.2.0_759/ide/tools/bin/../lib/gcc/arm-none-eabi/7.2.1/../../../../arm-none-eabi/lib/thumb/v7e-m/fpv4-sp/hard/libcr_c.a(fpprintf.o)
                0x0000000000004e58                vsnprintf
 .text.printf   0x0000000000004eb4       0x54 /usr/local/mcuxpressoide-10.2.0_759/ide/tools/bin/../lib/gcc/arm-none-eabi/7.2.1/../../../../arm-none-eabi/lib/thumb/v7e-m/fpv4-sp/hard/libcr_c.a(fpprintf.o)
                0x0000000000004eb4                printf
 .text.fseek    0x0000000000004f08      0x100 /usr/local/mcuxpressoide-10.2.0_759/ide/tools/bin/../lib/gcc/arm-none-eabi/7.2.1/../../../../arm-none-eabi/lib/thumb/v7e-m/fpv4-sp/hard/libcr_c.a(fseek.o)
                0x0000000000004f08                fseek
 .text.ftell    0x0000000000005008       0x44 /usr/local/mcuxpressoide-10.2.0_759/ide/tools/bin/../lib/gcc/arm-none-eabi/7.2.1/../../../../arm-none-eabi/lib/thumb/v7e-m/fpv4-sp/hard/libcr_c.a(ftell.o)
                0x0000000000005008                ftell
 .text._initio  0x000000000000504c       0x78 /usr/local/mcuxpressoide-10.2.0_759/ide/tools/bin/../lib/gcc/arm-none-eabi/7.2.1/../../../../arm-none-eabi/lib/thumb/v7e-m/fpv4-sp/hard/libcr_c.a(initio.o)
                0x000000000000504c                _initio
 .text.__vfprintf
                0x00000000000050c4      0xb98 /usr/local/mcuxpressoide-10.2.0_759/ide/tools/bin/../lib/gcc/arm-none-eabi/7.2.1/../../../../arm-none-eabi/lib/thumb/v7e-m/fpv4-sp/hard/libcr_c.a(printf.o)
                0x00000000000050c4                __vfprintf
 .text.setvbuf  0x0000000000005c5c       0x40 /usr/local/mcuxpressoide-10.2.0_759/ide/tools/bin/../lib/gcc/arm-none-eabi/7.2.1/../../../../arm-none-eabi/lib/thumb/v7e-m/fpv4-sp/hard/libcr_c.a(setvbuf.o)
                0x0000000000005c5c                setvbuf
 .text._sbrk    0x0000000000005c9c       0x3c /usr/local/mcuxpressoide-10.2.0_759/ide/tools/bin/../lib/gcc/arm-none-eabi/7.2.1/../../../../arm-none-eabi/lib/thumb/v7e-m/fpv4-sp/hard/libcr_c.a(_cr_sbrk.o)
                0x0000000000005c9c                _sbrk
 .text.fflush   0x0000000000005cd8       0x44 /usr/local/mcuxpressoide-10.2.0_759/ide/tools/bin/../lib/gcc/arm-none-eabi/7.2.1/../../../../arm-none-eabi/lib/thumb/v7e-m/fpv4-sp/hard/libcr_c.a(fflush.o)
                0x0000000000005cd8                fflush
 .text.__check_heap_overflow
                0x0000000000005d1c       0x18 /usr/local/mcuxpressoide-10.2.0_759/ide/tools/bin/../lib/gcc/arm-none-eabi/7.2.1/../../../../arm-none-eabi/lib/thumb/v7e-m/fpv4-sp/hard/libcr_c.a(_cr_check_heap.o)
                0x0000000000005d1c                __check_heap_overflow
 .text.__aeabi_dmul
                0x0000000000005d34      0x11c /usr/local/mcuxpressoide-10.2.0_759/ide/tools/bin/../lib/gcc/arm-none-eabi/7.2.1/thumb/v7e-m/fpv4-sp/hard/libcr_eabihelpers.a(double.o)
                0x0000000000005d34                __aeabi_dmul
 .text.__aeabi_ddiv
                0x0000000000005e50      0x138 /usr/local/mcuxpressoide-10.2.0_759/ide/tools/bin/../lib/gcc/arm-none-eabi/7.2.1/thumb/v7e-m/fpv4-sp/hard/libcr_eabihelpers.a(double.o)
                0x0000000000005e50                __aeabi_ddiv
 .text.__aeabi_dsub
                0x0000000000005f88      0x1b4 /usr/local/mcuxpressoide-10.2.0_759/ide/tools/bin/../lib/gcc/arm-none-eabi/7.2.1/thumb/v7e-m/fpv4-sp/hard/libcr_eabihelpers.a(double.o)
                0x0000000000005f88                __aeabi_dsub
 .text.__aeabi_dadd
                0x000000000000613c      0x10c /usr/local/mcuxpressoide-10.2.0_759/ide/tools/bin/../lib/gcc/arm-none-eabi/7.2.1/thumb/v7e-m/fpv4-sp/hard/libcr_eabihelpers.a(double.o)
                0x000000000000613c                __aeabi_dadd
 .text.__aeabi_d2f
                0x0000000000006248       0x54 /usr/local/mcuxpressoide-10.2.0_759/ide/tools/bin/../lib/gcc/arm-none-eabi/7.2.1/thumb/v7e-m/fpv4-sp/hard/libcr_eabihelpers.a(double.o)
                0x0000000000006248                __aeabi_d2f
 .text.__aeabi_f2d
                0x000000000000629c       0x38 /usr/local/mcuxpressoide-10.2.0_759/ide/tools/bin/../lib/gcc/arm-none-eabi/7.2.1/thumb/v7e-m/fpv4-sp/hard/libcr_eabihelpers.a(float.o)
                0x000000000000629c                __aeabi_f2d
 .text.UART_EnableTx
                0x00000000000062d4       0x40 ./utilities/fsl_io.o
 .text.UART_EnableRx
                0x0000000000006314       0x40 ./utilities/fsl_io.o
 .text.LOG_Init
                0x0000000000006354       0x30 ./utilities/fsl_log.o
                0x0000000000006354                LOG_Init
 .text.DMA0_IRQHandler
                0x0000000000006384        0x8 ./startup/startup_mk64f12.o
                0x0000000000006384                DMA0_IRQHandler
 .text.DMA1_IRQHandler
                0x000000000000638c        0x8 ./startup/startup_mk64f12.o
                0x000000000000638c                DMA1_IRQHandler
 .text.DMA2_IRQHandler
                0x0000000000006394        0x8 ./startup/startup_mk64f12.o
                0x0000000000006394                DMA2_IRQHandler
 .text.DMA3_IRQHandler
                0x000000000000639c        0x8 ./startup/startup_mk64f12.o
                0x000000000000639c                DMA3_IRQHandler
 .text.DMA4_IRQHandler
                0x00000000000063a4        0x8 ./startup/startup_mk64f12.o
                0x00000000000063a4                DMA4_IRQHandler
 .text.DMA5_IRQHandler
                0x00000000000063ac        0x8 ./startup/startup_mk64f12.o
                0x00000000000063ac                DMA5_IRQHandler
 .text.DMA6_IRQHandler
                0x00000000000063b4        0x8 ./startup/startup_mk64f12.o
                0x00000000000063b4                DMA6_IRQHandler
 .text.DMA7_IRQHandler
                0x00000000000063bc        0x8 ./startup/startup_mk64f12.o
                0x00000000000063bc                DMA7_IRQHandler
 .text.DMA8_IRQHandler
                0x00000000000063c4        0x8 ./startup/startup_mk64f12.o
                0x00000000000063c4                DMA8_IRQHandler
 .text.DMA9_IRQHandler
                0x00000000000063cc        0x8 ./startup/startup_mk64f12.o
                0x00000000000063cc                DMA9_IRQHandler
 .text.DMA10_IRQHandler
                0x00000000000063d4        0x8 ./startup/startup_mk64f12.o
                0x00000000000063d4                DMA10_IRQHandler
 .text.DMA11_IRQHandler
                0x00000000000063dc        0x8 ./startup/startup_mk64f12.o
                0x00000000000063dc                DMA11_IRQHandler
 .text.DMA12_IRQHandler
                0x00000000000063e4        0x8 ./startup/startup_mk64f12.o
                0x00000000000063e4                DMA12_IRQHandler
 .text.DMA13_IRQHandler
                0x00000000000063ec        0x8 ./startup/startup_mk64f12.o
                0x00000000000063ec                DMA13_IRQHandler
 .text.DMA14_IRQHandler
                0x00000000000063f4        0x8 ./startup/startup_mk64f12.o
                0x00000000000063f4                DMA14_IRQHandler
 .text.DMA15_IRQHandler
                0x00000000000063fc        0x8 ./startup/startup_mk64f12.o
                0x00000000000063fc                DMA15_IRQHandler
 .text.DMA_Error_IRQHandler
                0x0000000000006404        0x8 ./startup/startup_mk64f12.o
                0x0000000000006404                DMA_Error_IRQHandler
 .text.MCM_IRQHandler
                0x000000000000640c        0x8 ./startup/startup_mk64f12.o
                0x000000000000640c                MCM_IRQHandler
 .text.FTFE_IRQHandler
                0x0000000000006414        0x8 ./startup/startup_mk64f12.o
                0x0000000000006414                FTFE_IRQHandler
 .text.Read_Collision_IRQHandler
                0x000000000000641c        0x8 ./startup/startup_mk64f12.o
                0x000000000000641c                Read_Collision_IRQHandler
 .text.LVD_LVW_IRQHandler
                0x0000000000006424        0x8 ./startup/startup_mk64f12.o
                0x0000000000006424                LVD_LVW_IRQHandler
 .text.LLWU_IRQHandler
                0x000000000000642c        0x8 ./startup/startup_mk64f12.o
                0x000000000000642c                LLWU_IRQHandler
 .text.WDOG_EWM_IRQHandler
                0x0000000000006434        0x8 ./startup/startup_mk64f12.o
                0x0000000000006434                WDOG_EWM_IRQHandler
 .text.RNG_IRQHandler
                0x000000000000643c        0x8 ./startup/startup_mk64f12.o
                0x000000000000643c                RNG_IRQHandler
 .text.I2C0_IRQHandler
                0x0000000000006444        0x8 ./startup/startup_mk64f12.o
                0x0000000000006444                I2C0_IRQHandler
 .text.I2C1_IRQHandler
                0x000000000000644c        0x8 ./startup/startup_mk64f12.o
                0x000000000000644c                I2C1_IRQHandler
 .text.SPI0_IRQHandler
                0x0000000000006454        0x8 ./startup/startup_mk64f12.o
                0x0000000000006454                SPI0_IRQHandler
 .text.SPI1_IRQHandler
                0x000000000000645c        0x8 ./startup/startup_mk64f12.o
                0x000000000000645c                SPI1_IRQHandler
 .text.I2S0_Tx_IRQHandler
                0x0000000000006464        0x8 ./startup/startup_mk64f12.o
                0x0000000000006464                I2S0_Tx_IRQHandler
 .text.I2S0_Rx_IRQHandler
                0x000000000000646c        0x8 ./startup/startup_mk64f12.o
                0x000000000000646c                I2S0_Rx_IRQHandler
 .text.UART0_LON_IRQHandler
                0x0000000000006474        0x8 ./startup/startup_mk64f12.o
                0x0000000000006474                UART0_LON_IRQHandler
 .text.UART0_RX_TX_IRQHandler
                0x000000000000647c        0x8 ./startup/startup_mk64f12.o
                0x000000000000647c                UART0_RX_TX_IRQHandler
 .text.UART0_ERR_IRQHandler
                0x0000000000006484        0x8 ./startup/startup_mk64f12.o
                0x0000000000006484                UART0_ERR_IRQHandler
 .text.UART1_RX_TX_IRQHandler
                0x000000000000648c        0x8 ./startup/startup_mk64f12.o
                0x000000000000648c                UART1_RX_TX_IRQHandler
 .text.UART1_ERR_IRQHandler
                0x0000000000006494        0x8 ./startup/startup_mk64f12.o
                0x0000000000006494                UART1_ERR_IRQHandler
 .text.UART2_RX_TX_IRQHandler
                0x000000000000649c        0x8 ./startup/startup_mk64f12.o
                0x000000000000649c                UART2_RX_TX_IRQHandler
 .text.UART2_ERR_IRQHandler
                0x00000000000064a4        0x8 ./startup/startup_mk64f12.o
                0x00000000000064a4                UART2_ERR_IRQHandler
 .text.UART3_RX_TX_IRQHandler
                0x00000000000064ac        0x8 ./startup/startup_mk64f12.o
                0x00000000000064ac                UART3_RX_TX_IRQHandler
 .text.UART3_ERR_IRQHandler
                0x00000000000064b4        0x8 ./startup/startup_mk64f12.o
                0x00000000000064b4                UART3_ERR_IRQHandler
 .text.ADC0_IRQHandler
                0x00000000000064bc        0x8 ./startup/startup_mk64f12.o
                0x00000000000064bc                ADC0_IRQHandler
 .text.CMP0_IRQHandler
                0x00000000000064c4        0x8 ./startup/startup_mk64f12.o
                0x00000000000064c4                CMP0_IRQHandler
 .text.CMP1_IRQHandler
                0x00000000000064cc        0x8 ./startup/startup_mk64f12.o
                0x00000000000064cc                CMP1_IRQHandler
 .text.FTM0_IRQHandler
                0x00000000000064d4        0x8 ./startup/startup_mk64f12.o
                0x00000000000064d4                FTM0_IRQHandler
 .text.FTM1_IRQHandler
                0x00000000000064dc        0x8 ./startup/startup_mk64f12.o
                0x00000000000064dc                FTM1_IRQHandler
 .text.FTM2_IRQHandler
                0x00000000000064e4        0x8 ./startup/startup_mk64f12.o
                0x00000000000064e4                FTM2_IRQHandler
 .text.CMT_IRQHandler
                0x00000000000064ec        0x8 ./startup/startup_mk64f12.o
                0x00000000000064ec                CMT_IRQHandler
 .text.RTC_IRQHandler
                0x00000000000064f4        0x8 ./startup/startup_mk64f12.o
                0x00000000000064f4                RTC_IRQHandler
 .text.RTC_Seconds_IRQHandler
                0x00000000000064fc        0x8 ./startup/startup_mk64f12.o
                0x00000000000064fc                RTC_Seconds_IRQHandler
 .text.PIT0_IRQHandler
                0x0000000000006504        0x8 ./startup/startup_mk64f12.o
                0x0000000000006504                PIT0_IRQHandler
 .text.PIT1_IRQHandler
                0x000000000000650c        0x8 ./startup/startup_mk64f12.o
                0x000000000000650c                PIT1_IRQHandler
 .text.PIT2_IRQHandler
                0x0000000000006514        0x8 ./startup/startup_mk64f12.o
                0x0000000000006514                PIT2_IRQHandler
 .text.PIT3_IRQHandler
                0x000000000000651c        0x8 ./startup/startup_mk64f12.o
                0x000000000000651c                PIT3_IRQHandler
 .text.PDB0_IRQHandler
                0x0000000000006524        0x8 ./startup/startup_mk64f12.o
                0x0000000000006524                PDB0_IRQHandler
 .text.USB0_IRQHandler
                0x000000000000652c        0x8 ./startup/startup_mk64f12.o
                0x000000000000652c                USB0_IRQHandler
 .text.USBDCD_IRQHandler
                0x0000000000006534        0x8 ./startup/startup_mk64f12.o
                0x0000000000006534                USBDCD_IRQHandler
 .text.Reserved71_IRQHandler
                0x000000000000653c        0x8 ./startup/startup_mk64f12.o
                0x000000000000653c                Reserved71_IRQHandler
 .text.DAC0_IRQHandler
                0x0000000000006544        0x8 ./startup/startup_mk64f12.o
                0x0000000000006544                DAC0_IRQHandler
 .text.MCG_IRQHandler
                0x000000000000654c        0x8 ./startup/startup_mk64f12.o
                0x000000000000654c                MCG_IRQHandler
 .text.LPTMR0_IRQHandler
                0x0000000000006554        0x8 ./startup/startup_mk64f12.o
                0x0000000000006554                LPTMR0_IRQHandler
 .text.PORTA_IRQHandler
                0x000000000000655c        0x8 ./startup/startup_mk64f12.o
                0x000000000000655c                PORTA_IRQHandler
 .text.PORTB_IRQHandler
                0x0000000000006564        0x8 ./startup/startup_mk64f12.o
                0x0000000000006564                PORTB_IRQHandler
 .text.PORTC_IRQHandler
                0x000000000000656c        0x8 ./startup/startup_mk64f12.o
                0x000000000000656c                PORTC_IRQHandler
 .text.PORTD_IRQHandler
                0x0000000000006574        0x8 ./startup/startup_mk64f12.o
                0x0000000000006574                PORTD_IRQHandler
 .text.PORTE_IRQHandler
                0x000000000000657c        0x8 ./startup/startup_mk64f12.o
                0x000000000000657c                PORTE_IRQHandler
 .text.SWI_IRQHandler
                0x0000000000006584        0x8 ./startup/startup_mk64f12.o
                0x0000000000006584                SWI_IRQHandler
 .text.SPI2_IRQHandler
                0x000000000000658c        0x8 ./startup/startup_mk64f12.o
                0x000000000000658c                SPI2_IRQHandler
 .text.UART4_RX_TX_IRQHandler
                0x0000000000006594        0x8 ./startup/startup_mk64f12.o
                0x0000000000006594                UART4_RX_TX_IRQHandler
 .text.UART4_ERR_IRQHandler
                0x000000000000659c        0x8 ./startup/startup_mk64f12.o
                0x000000000000659c                UART4_ERR_IRQHandler
 .text.UART5_RX_TX_IRQHandler
                0x00000000000065a4        0x8 ./startup/startup_mk64f12.o
                0x00000000000065a4                UART5_RX_TX_IRQHandler
 .text.UART5_ERR_IRQHandler
                0x00000000000065ac        0x8 ./startup/startup_mk64f12.o
                0x00000000000065ac                UART5_ERR_IRQHandler
 .text.CMP2_IRQHandler
                0x00000000000065b4        0x8 ./startup/startup_mk64f12.o
                0x00000000000065b4                CMP2_IRQHandler
 .text.FTM3_IRQHandler
                0x00000000000065bc        0x8 ./startup/startup_mk64f12.o
                0x00000000000065bc                FTM3_IRQHandler
 .text.DAC1_IRQHandler
                0x00000000000065c4        0x8 ./startup/startup_mk64f12.o
                0x00000000000065c4                DAC1_IRQHandler
 .text.ADC1_IRQHandler
                0x00000000000065cc        0x8 ./startup/startup_mk64f12.o
                0x00000000000065cc                ADC1_IRQHandler
 .text.I2C2_IRQHandler
                0x00000000000065d4        0x8 ./startup/startup_mk64f12.o
                0x00000000000065d4                I2C2_IRQHandler
 .text.CAN0_ORed_Message_buffer_IRQHandler
                0x00000000000065dc        0x8 ./startup/startup_mk64f12.o
                0x00000000000065dc                CAN0_ORed_Message_buffer_IRQHandler
 .text.CAN0_Bus_Off_IRQHandler
                0x00000000000065e4        0x8 ./startup/startup_mk64f12.o
                0x00000000000065e4                CAN0_Bus_Off_IRQHandler
 .text.CAN0_Error_IRQHandler
                0x00000000000065ec        0x8 ./startup/startup_mk64f12.o
                0x00000000000065ec                CAN0_Error_IRQHandler
 .text.CAN0_Tx_Warning_IRQHandler
                0x00000000000065f4        0x8 ./startup/startup_mk64f12.o
                0x00000000000065f4                CAN0_Tx_Warning_IRQHandler
 .text.CAN0_Rx_Warning_IRQHandler
                0x00000000000065fc        0x8 ./startup/startup_mk64f12.o
                0x00000000000065fc                CAN0_Rx_Warning_IRQHandler
 .text.CAN0_Wake_Up_IRQHandler
                0x0000000000006604        0x8 ./startup/startup_mk64f12.o
                0x0000000000006604                CAN0_Wake_Up_IRQHandler
 .text.SDHC_IRQHandler
                0x000000000000660c        0x8 ./startup/startup_mk64f12.o
                0x000000000000660c                SDHC_IRQHandler
 .text.HardFault_Handler
                0x0000000000006614       0x2c ./source/semihost_hardfault.o
                0x0000000000006614                HardFault_Handler
 .text.CLOCK_EnableClock
                0x0000000000006640       0x34 ./source/sht15.o
 .text.GPIO_PinWrite
                0x0000000000006674       0x36 ./source/sht15.o
 .text.GPIO_PinRead
                0x00000000000066aa       0x24 ./source/sht15.o
 .text.GPIO_ReadPinInput
                0x00000000000066ce       0x1c ./source/sht15.o
 .text.PORT_SetPinMux
                0x00000000000066ea       0x3a ./source/sht15.o
 .text.CLOCK_GetPll0RefFreq
                0x0000000000006724        0xe ./drivers/fsl_clock.o
 .text.CLOCK_BootToFeiMode
                0x0000000000006732       0x26 ./drivers/fsl_clock.o
                0x0000000000006732                CLOCK_BootToFeiMode
 .text.DSPI_IsMaster
                0x0000000000006758       0x1c ./drivers/fsl_dspi.o
 .text.GPIO_PinWrite
                0x0000000000006774       0x36 ./drivers/fsl_gpio.o
 .text.GPIO_WritePinOutput
                0x00000000000067aa       0x22 ./drivers/fsl_gpio.o
 .text.CLOCK_EnableClock
                0x00000000000067cc       0x34 ./drivers/fsl_uart.o
 .text.UART0_RX_TX_DriverIRQHandler
                0x0000000000006800       0x10 ./drivers/fsl_uart.o
                0x0000000000006800                UART0_RX_TX_DriverIRQHandler
 .text.UART1_RX_TX_DriverIRQHandler
                0x0000000000006810       0x10 ./drivers/fsl_uart.o
                0x0000000000006810                UART1_RX_TX_DriverIRQHandler
 .text.UART2_RX_TX_DriverIRQHandler
                0x0000000000006820       0x10 ./drivers/fsl_uart.o
                0x0000000000006820                UART2_RX_TX_DriverIRQHandler
 .text.UART3_RX_TX_DriverIRQHandler
                0x0000000000006830       0x10 ./drivers/fsl_uart.o
                0x0000000000006830                UART3_RX_TX_DriverIRQHandler
 .text.UART4_RX_TX_DriverIRQHandler
                0x0000000000006840       0x10 ./drivers/fsl_uart.o
                0x0000000000006840                UART4_RX_TX_DriverIRQHandler
 .text.UART5_RX_TX_DriverIRQHandler
                0x0000000000006850       0x10 ./drivers/fsl_uart.o
                0x0000000000006850                UART5_RX_TX_DriverIRQHandler
 .text.CLOCK_CONFIG_FllStableDelay
                0x0000000000006860       0x26 ./board/clock_config.o
 .text.BOARD_InitBootClocks
                0x0000000000006886        0xc ./board/clock_config.o
                0x0000000000006886                BOARD_InitBootClocks
 .text.BOARD_InitPeripherals
                0x0000000000006892        0xe ./board/peripherals.o
                0x0000000000006892                BOARD_InitPeripherals
 .text.BOARD_InitBootPeripherals
                0x00000000000068a0        0xc ./board/peripherals.o
                0x00000000000068a0                BOARD_InitBootPeripherals
 .text.CLOCK_EnableClock
                0x00000000000068ac       0x34 ./board/pin_mux.o
 .text.BOARD_InitBootPins
                0x00000000000068e0       0x10 ./board/pin_mux.o
                0x00000000000068e0                BOARD_InitBootPins
 .text.BOARD_InitPins
                0x00000000000068f0        0xe ./board/pin_mux.o
                0x00000000000068f0                BOARD_InitPins
 .text.vListInitialise
                0x00000000000068fe       0x40 ./amazon-freertos/FreeRTOS/list.o
                0x00000000000068fe                vListInitialise
 .text.vListInitialiseItem
                0x000000000000693e       0x1a ./amazon-freertos/FreeRTOS/list.o
                0x000000000000693e                vListInitialiseItem
 .text.vListInsertEnd
                0x0000000000006958       0x48 ./amazon-freertos/FreeRTOS/list.o
                0x0000000000006958                vListInsertEnd
 .text.vListInsert
                0x00000000000069a0       0x72 ./amazon-freertos/FreeRTOS/list.o
                0x00000000000069a0                vListInsert
 .text.uxListRemove
                0x0000000000006a12       0x54 ./amazon-freertos/FreeRTOS/list.o
                0x0000000000006a12                uxListRemove
 .text.xQueueGenericCreate
                0x0000000000006a66       0x72 ./amazon-freertos/FreeRTOS/queue.o
                0x0000000000006a66                xQueueGenericCreate
 .text.prvInitialiseNewQueue
                0x0000000000006ad8       0x46 ./amazon-freertos/FreeRTOS/queue.o
 .text.xQueueGenericSendFromISR
                0x0000000000006b1e      0x128 ./amazon-freertos/FreeRTOS/queue.o
                0x0000000000006b1e                xQueueGenericSendFromISR
 .text.prvCopyDataToQueue
                0x0000000000006c46       0xd4 ./amazon-freertos/FreeRTOS/queue.o
 .text.prvCopyDataFromQueue
                0x0000000000006d1a       0x4c ./amazon-freertos/FreeRTOS/queue.o
 .text.prvUnlockQueue
                0x0000000000006d66       0xa4 ./amazon-freertos/FreeRTOS/queue.o
 .text.prvIsQueueEmpty
                0x0000000000006e0a       0x2c ./amazon-freertos/FreeRTOS/queue.o
 .text.prvIsQueueFull
                0x0000000000006e36       0x30 ./amazon-freertos/FreeRTOS/queue.o
 .text.vQueueWaitForMessageRestricted
                0x0000000000006e66       0x68 ./amazon-freertos/FreeRTOS/queue.o
                0x0000000000006e66                vQueueWaitForMessageRestricted
 .text.xTaskCreate
                0x0000000000006ece       0x82 ./amazon-freertos/FreeRTOS/tasks.o
                0x0000000000006ece                xTaskCreate
 .text.prvInitialiseNewTask
                0x0000000000006f50      0x12a ./amazon-freertos/FreeRTOS/tasks.o
 .text.prvDeleteTCB
                0x000000000000707a       0x20 ./amazon-freertos/FreeRTOS/tasks.o
 .text.prvTimerTask
                0x000000000000709a       0x24 ./amazon-freertos/FreeRTOS/timers.o
 .text.SystemInitHook
                0x00000000000070be        0xe ./CMSIS/system_MK64F12.o
                0x00000000000070be                SystemInitHook
 .text.__main   0x00000000000070cc        0xe /usr/local/mcuxpressoide-10.2.0_759/ide/tools/bin/../lib/gcc/arm-none-eabi/7.2.1/../../../../arm-none-eabi/lib/thumb/v7e-m/fpv4-sp/hard/libcr_semihost_nf.a(_cr__main.o)
                0x00000000000070cc                __main
                0x00000000000070cc                __CR_SEMIHOST
 .text.memcpy   0x00000000000070da        0x4 /usr/local/mcuxpressoide-10.2.0_759/ide/tools/bin/../lib/gcc/arm-none-eabi/7.2.1/../../../../arm-none-eabi/lib/thumb/v7e-m/fpv4-sp/hard/libcr_c.a(memcpy.o)
                0x00000000000070da                memcpy
 .text.memset   0x00000000000070de        0x4 /usr/local/mcuxpressoide-10.2.0_759/ide/tools/bin/../lib/gcc/arm-none-eabi/7.2.1/../../../../arm-none-eabi/lib/thumb/v7e-m/fpv4-sp/hard/libcr_c.a(memset.o)
                0x00000000000070de                memset
 .text._deferredlazyseek
                0x00000000000070e2       0x40 /usr/local/mcuxpressoide-10.2.0_759/ide/tools/bin/../lib/gcc/arm-none-eabi/7.2.1/../../../../arm-none-eabi/lib/thumb/v7e-m/fpv4-sp/hard/libcr_c.a(_deferredlazyseek.o)
                0x00000000000070e2                _deferredlazyseek
 .text.__flsbuf
                0x0000000000007122      0x140 /usr/local/mcuxpressoide-10.2.0_759/ide/tools/bin/../lib/gcc/arm-none-eabi/7.2.1/../../../../arm-none-eabi/lib/thumb/v7e-m/fpv4-sp/hard/libcr_c.a(_deferredlazyseek.o)
                0x0000000000007122                __flsbuf
 .text._fflush  0x0000000000007262       0x52 /usr/local/mcuxpressoide-10.2.0_759/ide/tools/bin/../lib/gcc/arm-none-eabi/7.2.1/../../../../arm-none-eabi/lib/thumb/v7e-m/fpv4-sp/hard/libcr_c.a(_fflush.o)
                0x0000000000007262                _fflush
 .text.free     0x00000000000072b4       0x30 /usr/local/mcuxpressoide-10.2.0_759/ide/tools/bin/../lib/gcc/arm-none-eabi/7.2.1/../../../../arm-none-eabi/lib/thumb/v7e-m/fpv4-sp/hard/libcr_c.a(alloc.o)
                0x00000000000072b4                free
 .text.fp_round
                0x00000000000072e4       0x4e /usr/local/mcuxpressoide-10.2.0_759/ide/tools/bin/../lib/gcc/arm-none-eabi/7.2.1/../../../../arm-none-eabi/lib/thumb/v7e-m/fpv4-sp/hard/libcr_c.a(fpprintf.o)
 .text.pr_dec.constprop.1
                0x0000000000007332       0x26 /usr/local/mcuxpressoide-10.2.0_759/ide/tools/bin/../lib/gcc/arm-none-eabi/7.2.1/../../../../arm-none-eabi/lib/thumb/v7e-m/fpv4-sp/hard/libcr_c.a(fpprintf.o)
 .text.fputs    0x0000000000007358       0x2c /usr/local/mcuxpressoide-10.2.0_759/ide/tools/bin/../lib/gcc/arm-none-eabi/7.2.1/../../../../arm-none-eabi/lib/thumb/v7e-m/fpv4-sp/hard/libcr_c.a(fputs.o)
                0x0000000000007358                fputs
 .text.strlen   0x0000000000007384       0x4a /usr/local/mcuxpressoide-10.2.0_759/ide/tools/bin/../lib/gcc/arm-none-eabi/7.2.1/../../../../arm-none-eabi/lib/thumb/v7e-m/fpv4-sp/hard/libcr_c.a(strlen.o)
                0x0000000000007384                strlen
 .text._fdopen  0x00000000000073ce       0x68 /usr/local/mcuxpressoide-10.2.0_759/ide/tools/bin/../lib/gcc/arm-none-eabi/7.2.1/../../../../arm-none-eabi/lib/thumb/v7e-m/fpv4-sp/hard/libcr_c.a(_fdopen.o)
                0x00000000000073ce                _fdopen
 .text.fclose   0x0000000000007436       0x58 /usr/local/mcuxpressoide-10.2.0_759/ide/tools/bin/../lib/gcc/arm-none-eabi/7.2.1/../../../../arm-none-eabi/lib/thumb/v7e-m/fpv4-sp/hard/libcr_c.a(fclose.o)
                0x0000000000007436                fclose
 .text.remove   0x000000000000748e       0x14 /usr/local/mcuxpressoide-10.2.0_759/ide/tools/bin/../lib/gcc/arm-none-eabi/7.2.1/../../../../arm-none-eabi/lib/thumb/v7e-m/fpv4-sp/hard/libcr_c.a(remove.o)
                0x000000000000748e                remove
 .text._do_fflush
                0x00000000000074a2       0x40 /usr/local/mcuxpressoide-10.2.0_759/ide/tools/bin/../lib/gcc/arm-none-eabi/7.2.1/../../../../arm-none-eabi/lib/thumb/v7e-m/fpv4-sp/hard/libcr_c.a(_do_fflush.o)
                0x00000000000074a2                _do_fflush
 .text.__aeabi_d2iz
                0x00000000000074e2       0x40 /usr/local/mcuxpressoide-10.2.0_759/ide/tools/bin/../lib/gcc/arm-none-eabi/7.2.1/thumb/v7e-m/fpv4-sp/hard/libcr_eabihelpers.a(double.o)
                0x00000000000074e2                __aeabi_d2iz
 .text.__bhs_ui2d
                0x0000000000007522       0x46 /usr/local/mcuxpressoide-10.2.0_759/ide/tools/bin/../lib/gcc/arm-none-eabi/7.2.1/thumb/v7e-m/fpv4-sp/hard/libcr_eabihelpers.a(double.o)
                0x0000000000007522                __bhs_ui2d
 .text.__aeabi_i2d
                0x0000000000007568       0x12 /usr/local/mcuxpressoide-10.2.0_759/ide/tools/bin/../lib/gcc/arm-none-eabi/7.2.1/thumb/v7e-m/fpv4-sp/hard/libcr_eabihelpers.a(double.o)
                0x0000000000007568                __aeabi_i2d
 .text.__aeabi_dcmpeq
                0x000000000000757a       0x30 /usr/local/mcuxpressoide-10.2.0_759/ide/tools/bin/../lib/gcc/arm-none-eabi/7.2.1/thumb/v7e-m/fpv4-sp/hard/libcr_eabihelpers.a(double.o)
                0x000000000000757a                __aeabi_dcmpeq
 .text.__aeabi_dcmplt
                0x00000000000075aa       0x58 /usr/local/mcuxpressoide-10.2.0_759/ide/tools/bin/../lib/gcc/arm-none-eabi/7.2.1/thumb/v7e-m/fpv4-sp/hard/libcr_eabihelpers.a(double.o)
                0x00000000000075aa                __aeabi_dcmplt
 .text.__aeabi_dcmpgt
                0x0000000000007602       0x58 /usr/local/mcuxpressoide-10.2.0_759/ide/tools/bin/../lib/gcc/arm-none-eabi/7.2.1/thumb/v7e-m/fpv4-sp/hard/libcr_eabihelpers.a(double.o)
                0x0000000000007602                __aeabi_dcmpgt
 .text.__aeabi_dcmple
                0x000000000000765a       0x5a /usr/local/mcuxpressoide-10.2.0_759/ide/tools/bin/../lib/gcc/arm-none-eabi/7.2.1/thumb/v7e-m/fpv4-sp/hard/libcr_eabihelpers.a(double.o)
                0x000000000000765a                __aeabi_dcmple
 .text.__aeabi_dcmpge
                0x00000000000076b4       0x58 /usr/local/mcuxpressoide-10.2.0_759/ide/tools/bin/../lib/gcc/arm-none-eabi/7.2.1/thumb/v7e-m/fpv4-sp/hard/libcr_eabihelpers.a(double.o)
                0x00000000000076b4                __aeabi_dcmpge
 .text.__aeabi_memcpy
                0x000000000000770c       0x34 /usr/local/mcuxpressoide-10.2.0_759/ide/tools/bin/../lib/gcc/arm-none-eabi/7.2.1/thumb/v7e-m/fpv4-sp/hard/libcr_eabihelpers.a(memcpy.o)
                0x000000000000770c                __aeabi_memcpy
                0x0000000000007716                __aeabi_memcpy4
                0x0000000000007716                __aeabi_memcpy8
 .text.__aeabi_memset_lowlevel
                0x0000000000007740       0x32 /usr/local/mcuxpressoide-10.2.0_759/ide/tools/bin/../lib/gcc/arm-none-eabi/7.2.1/thumb/v7e-m/fpv4-sp/hard/libcr_eabihelpers.a(memcpy.o)
                0x0000000000007740                __aeabi_lowlevel_memset
 .text.__sys_close
                0x0000000000007772        0xc /usr/local/mcuxpressoide-10.2.0_759/ide/tools/bin/../lib/gcc/arm-none-eabi/7.2.1/../../../../arm-none-eabi/lib/thumb/v7e-m/fpv4-sp/hard/libcr_semihost_nf.a(__sys_close.o)
                0x0000000000007772                __sys_close
 .text.__sys_flen
                0x000000000000777e        0xc /usr/local/mcuxpressoide-10.2.0_759/ide/tools/bin/../lib/gcc/arm-none-eabi/7.2.1/../../../../arm-none-eabi/lib/thumb/v7e-m/fpv4-sp/hard/libcr_semihost_nf.a(__sys_flen.o)
                0x000000000000777e                __sys_flen
 .text.__sys_istty
                0x000000000000778a        0xc /usr/local/mcuxpressoide-10.2.0_759/ide/tools/bin/../lib/gcc/arm-none-eabi/7.2.1/../../../../arm-none-eabi/lib/thumb/v7e-m/fpv4-sp/hard/libcr_semihost_nf.a(__sys_istty.o)
                0x000000000000778a                __sys_istty
 .text.__sys_remove
                0x0000000000007796        0xc /usr/local/mcuxpressoide-10.2.0_759/ide/tools/bin/../lib/gcc/arm-none-eabi/7.2.1/../../../../arm-none-eabi/lib/thumb/v7e-m/fpv4-sp/hard/libcr_semihost_nf.a(__sys_remove.o)
                0x0000000000007796                __sys_remove
 .text.__sys_seek
                0x00000000000077a2        0xc /usr/local/mcuxpressoide-10.2.0_759/ide/tools/bin/../lib/gcc/arm-none-eabi/7.2.1/../../../../arm-none-eabi/lib/thumb/v7e-m/fpv4-sp/hard/libcr_semihost_nf.a(__sys_seek.o)
                0x00000000000077a2                __sys_seek
 .text.__sys_tmpnam
                0x00000000000077ae        0xc /usr/local/mcuxpressoide-10.2.0_759/ide/tools/bin/../lib/gcc/arm-none-eabi/7.2.1/../../../../arm-none-eabi/lib/thumb/v7e-m/fpv4-sp/hard/libcr_semihost_nf.a(__sys_tmpnam.o)
                0x00000000000077ae                __sys_tmpnam
 .text.__sys_write
                0x00000000000077ba        0xc /usr/local/mcuxpressoide-10.2.0_759/ide/tools/bin/../lib/gcc/arm-none-eabi/7.2.1/../../../../arm-none-eabi/lib/thumb/v7e-m/fpv4-sp/hard/libcr_semihost_nf.a(__sys_write.o)
                0x00000000000077ba                __sys_write
 *(SORT_BY_ALIGNMENT(.rodata) SORT_BY_ALIGNMENT(.rodata.*) SORT_BY_ALIGNMENT(.constdata) SORT_BY_ALIGNMENT(.constdata.*))
 *fill*         0x00000000000077c6        0x2 ff
 .rodata.a1.5205
                0x00000000000077c8       0x88 /usr/local/mcuxpressoide-10.2.0_759/ide/tools/bin/../lib/gcc/arm-none-eabi/7.2.1/../../../../arm-none-eabi/lib/thumb/v7e-m/fpv4-sp/hard/libcr_c.a(pow.o)
 .rodata.a2.5206
                0x0000000000007850       0x40 /usr/local/mcuxpressoide-10.2.0_759/ide/tools/bin/../lib/gcc/arm-none-eabi/7.2.1/../../../../arm-none-eabi/lib/thumb/v7e-m/fpv4-sp/hard/libcr_c.a(pow.o)
 .rodata.__huge_val
                0x0000000000007890        0x8 /usr/local/mcuxpressoide-10.2.0_759/ide/tools/bin/../lib/gcc/arm-none-eabi/7.2.1/../../../../arm-none-eabi/lib/thumb/v7e-m/fpv4-sp/hard/libcr_c.a(_hugeval.o)
                0x0000000000007890                __huge_val
 .rodata.__huge_vall
                0x0000000000007898        0x8 /usr/local/mcuxpressoide-10.2.0_759/ide/tools/bin/../lib/gcc/arm-none-eabi/7.2.1/../../../../arm-none-eabi/lib/thumb/v7e-m/fpv4-sp/hard/libcr_c.a(_hugeval.o)
                0x0000000000007898                __huge_vall
 .rodata        0x00000000000078a0       0x50 ./utilities/fsl_debug_console.o
 .rodata        0x00000000000078f0       0x27 ./utilities/fsl_io.o
 *fill*         0x0000000000007917        0x1 ff
 .rodata        0x0000000000007918       0xcc ./source/RTOS_Desktop_Clock.o
 .rodata.Sensor_Pin_Output_Mode
                0x00000000000079e4        0x2 ./source/sht15.o
                0x00000000000079e4                Sensor_Pin_Output_Mode
 *fill*         0x00000000000079e6        0x2 ff
 .rodata.Sensor_Pin_Input_Mode
                0x00000000000079e8        0x2 ./source/sht15.o
                0x00000000000079e8                Sensor_Pin_Input_Mode
 *fill*         0x00000000000079ea        0x2 ff
 .rodata        0x00000000000079ec      0x149 ./drivers/fsl_clock.o
 *fill*         0x0000000000007b35        0x3 ff
 .rodata.fllFactorTable.7747
                0x0000000000007b38       0x10 ./drivers/fsl_clock.o
 .rodata        0x0000000000007b48      0x509 ./drivers/fsl_dspi.o
 *fill*         0x0000000000008051        0x3 ff
 .rodata        0x0000000000008054      0xbf3 ./drivers/fsl_edma.o
 *fill*         0x0000000000008c47        0x1 ff
 .rodata        0x0000000000008c48      0xad7 ./drivers/fsl_flexcan.o
 *fill*         0x000000000000971f        0x1 ff
 .rodata        0x0000000000009720       0x63 ./drivers/fsl_gpio.o
 *fill*         0x0000000000009783        0x1 ff
 .rodata        0x0000000000009784      0x296 ./drivers/fsl_sai.o
 *fill*         0x0000000000009a1a        0x2 ff
 .rodata        0x0000000000009a1c      0x5a1 ./drivers/fsl_sdhc.o
 *fill*         0x0000000000009fbd        0x3 ff
 .rodata.s_uartBases
                0x0000000000009fc0       0x18 ./drivers/fsl_uart.o
 .rodata.s_uartClock
                0x0000000000009fd8       0x18 ./drivers/fsl_uart.o
 .rodata        0x0000000000009ff0      0x513 ./drivers/fsl_uart.o
 *fill*         0x000000000000a503        0x1 ff
 .rodata.simConfig_BOARD_BootClockRUN
                0x000000000000a504        0x8 ./board/clock_config.o
                0x000000000000a504                simConfig_BOARD_BootClockRUN
 .rodata        0x000000000000a50c       0x26 ./board/pin_mux.o
 *fill*         0x000000000000a532        0x2 ff
 .rodata        0x000000000000a534        0x5 ./amazon-freertos/FreeRTOS/tasks.o
 *fill*         0x000000000000a539        0x3 ff
 .rodata        0x000000000000a53c        0xd ./amazon-freertos/FreeRTOS/timers.o
 *fill*         0x000000000000a549        0x3 ff
 .rodata.__num_Ciob_streams
                0x000000000000a54c        0x4 /usr/local/mcuxpressoide-10.2.0_759/ide/tools/bin/../lib/gcc/arm-none-eabi/7.2.1/../../../../arm-none-eabi/lib/thumb/v7e-m/fpv4-sp/hard/libcr_semihost_nf.a(__ciob.o)
                0x000000000000a54c                __num_Ciob_streams
 .rodata.__assertion_failed.str1.1
                0x000000000000a550       0x15 /usr/local/mcuxpressoide-10.2.0_759/ide/tools/bin/../lib/gcc/arm-none-eabi/7.2.1/../../../../arm-none-eabi/lib/thumb/v7e-m/fpv4-sp/hard/libcr_semihost_nf.a(_cr_assert.o)
 .rodata._Csys_alloc.str1.1
                0x000000000000a565       0x18 /usr/local/mcuxpressoide-10.2.0_759/ide/tools/bin/../lib/gcc/arm-none-eabi/7.2.1/../../../../arm-none-eabi/lib/thumb/v7e-m/fpv4-sp/hard/libcr_c.a(alloc.o)
 .rodata.fp_display.str1.1
                0x000000000000a57d       0x32 /usr/local/mcuxpressoide-10.2.0_759/ide/tools/bin/../lib/gcc/arm-none-eabi/7.2.1/../../../../arm-none-eabi/lib/thumb/v7e-m/fpv4-sp/hard/libcr_c.a(fpprintf.o)
                                         0x35 (size before relaxing)
 .rodata._initio.str1.1
                0x000000000000a5af        0x4 /usr/local/mcuxpressoide-10.2.0_759/ide/tools/bin/../lib/gcc/arm-none-eabi/7.2.1/../../../../arm-none-eabi/lib/thumb/v7e-m/fpv4-sp/hard/libcr_c.a(initio.o)
 .rodata.__vfprintf.str1.1
                0x000000000000a5b3       0x31 /usr/local/mcuxpressoide-10.2.0_759/ide/tools/bin/../lib/gcc/arm-none-eabi/7.2.1/../../../../arm-none-eabi/lib/thumb/v7e-m/fpv4-sp/hard/libcr_c.a(printf.o)
                                         0x38 (size before relaxing)
                0x000000000000a5e8                . = ALIGN (0x8)
 *fill*         0x000000000000a5e4        0x4 ff

.glue_7         0x000000000000a5e8        0x0
 .glue_7        0x000000000000a5e8        0x0 linker stubs

.glue_7t        0x000000000000a5e8        0x0
 .glue_7t       0x000000000000a5e8        0x0 linker stubs

.vfp11_veneer   0x000000000000a5e8        0x0
 .vfp11_veneer  0x000000000000a5e8        0x0 linker stubs

.v4_bx          0x000000000000a5e8        0x0
 .v4_bx         0x000000000000a5e8        0x0 linker stubs

.iplt           0x000000000000a5e8        0x0
 .iplt          0x000000000000a5e8        0x0 ./utilities/fsl_debug_console.o

.rel.dyn        0x000000000000a5e8        0x0
 .rel.iplt      0x000000000000a5e8        0x0 ./utilities/fsl_debug_console.o

.ARM.extab
 *(SORT_BY_ALIGNMENT(.ARM.extab*) SORT_BY_ALIGNMENT(.gnu.linkonce.armextab.*))
                0x000000000000a5e8                __exidx_start = .

.ARM.exidx
 *(SORT_BY_ALIGNMENT(.ARM.exidx*) SORT_BY_ALIGNMENT(.gnu.linkonce.armexidx.*))
                0x000000000000a5e8                __exidx_end = .
                0x000000000000a5e8                _etext = .

.m_usb_data
 *(SORT_BY_ALIGNMENT(m_usb_bdt))

.data_RAM2      0x000000001fff0000        0x0 load address 0x000000000000a5e8
 FILL mask 0xff
                [!provide]                        PROVIDE (__start_data_RAM2, .)
 *(SORT_BY_ALIGNMENT(.ramfunc.$RAM2))
 *(SORT_BY_ALIGNMENT(.ramfunc.$SRAM_LOWER))
 *(SORT_BY_ALIGNMENT(.data.$RAM2*))
 *(SORT_BY_ALIGNMENT(.data.$SRAM_LOWER*))
                0x000000001fff0000                . = ALIGN (0x8)
                [!provide]                        PROVIDE (__end_data_RAM2, .)

.data_RAM3      0x0000000014000000        0x0 load address 0x000000000000a5e8
 FILL mask 0xff
                [!provide]                        PROVIDE (__start_data_RAM3, .)
 *(SORT_BY_ALIGNMENT(.ramfunc.$RAM3))
 *(SORT_BY_ALIGNMENT(.ramfunc.$FLEX_RAM))
 *(SORT_BY_ALIGNMENT(.data.$RAM3*))
 *(SORT_BY_ALIGNMENT(.data.$FLEX_RAM*))
                0x0000000014000000                . = ALIGN (0x8)
                [!provide]                        PROVIDE (__end_data_RAM3, .)

.uninit_RESERVED
                0x0000000020000000        0x0
 *(SORT_BY_ALIGNMENT(.bss.$RESERVED*))
                0x0000000020000000                . = ALIGN (0x4)
                0x0000000020000000                _end_uninit_RESERVED = .

.data           0x0000000020000000       0x10 load address 0x000000000000a5e8
 FILL mask 0xff
                0x0000000020000000                _data = .
 *(SORT_BY_ALIGNMENT(vtable))
 *(SORT_BY_ALIGNMENT(.ramfunc*))
 *(SORT_BY_ALIGNMENT(.data*))
 .data.s_slowIrcFreq
                0x0000000020000000        0x4 ./drivers/fsl_clock.o
 .data.s_fastIrcFreq
                0x0000000020000004        0x4 ./drivers/fsl_clock.o
 .data.uxCriticalNesting
                0x0000000020000008        0x4 ./amazon-freertos/FreeRTOS/portable/port.o
 .data.SystemCoreClock
                0x000000002000000c        0x4 ./CMSIS/system_MK64F12.o
                0x000000002000000c                SystemCoreClock
                0x0000000020000010                . = ALIGN (0x8)
                0x0000000020000010                _edata = .

.igot.plt       0x0000000020000010        0x0 load address 0x000000000000a5f8
 .igot.plt      0x0000000020000010        0x0 ./utilities/fsl_debug_console.o

.bss_RAM2       0x000000001fff0000        0x0
                [!provide]                        PROVIDE (__start_bss_RAM2, .)
 *(SORT_BY_ALIGNMENT(.bss.$RAM2*))
 *(SORT_BY_ALIGNMENT(.bss.$SRAM_LOWER*))
                0x000000001fff0000                . = ALIGN ((. != 0x0)?0x8:0x1)
                [!provide]                        PROVIDE (__end_bss_RAM2, .)

.bss_RAM3       0x0000000014000000        0x0
                [!provide]                        PROVIDE (__start_bss_RAM3, .)
 *(SORT_BY_ALIGNMENT(.bss.$RAM3*))
 *(SORT_BY_ALIGNMENT(.bss.$FLEX_RAM*))
                0x0000000014000000                . = ALIGN ((. != 0x0)?0x8:0x1)
                [!provide]                        PROVIDE (__end_bss_RAM3, .)

.bss            0x0000000020000010     0x2b40
                0x0000000020000010                _bss = .
 *(SORT_BY_ALIGNMENT(.bss*))
 .bss.s_debugConsoleIO
                0x0000000020000010        0x8 ./utilities/fsl_io.o
 .bss.Sensor_Data_Queue
                0x0000000020000018        0x4 ./source/RTOS_Desktop_Clock.o
 .bss.Start_Time_Stamp.8041
                0x000000002000001c        0x4 ./source/sht15.o
 .bss.Actual_Time_Stamp.8042
                0x0000000020000020        0x4 ./source/sht15.o
 .bss.Start_Time_Stamp.8058
                0x0000000020000024        0x4 ./source/sht15.o
 .bss.Actual_Time_Stamp.8059
                0x0000000020000028        0x4 ./source/sht15.o
 .bss.g_xtal0Freq
                0x000000002000002c        0x4 ./drivers/fsl_clock.o
                0x000000002000002c                g_xtal0Freq
 .bss.g_xtal32Freq
                0x0000000020000030        0x4 ./drivers/fsl_clock.o
                0x0000000020000030                g_xtal32Freq
 .bss.g_dspiHandle
                0x0000000020000034        0xc ./drivers/fsl_dspi.o
 .bss.s_dspiMasterIsr
                0x0000000020000040        0x4 ./drivers/fsl_dspi.o
 .bss.s_dspiSlaveIsr
                0x0000000020000044        0x4 ./drivers/fsl_dspi.o
 .bss.s_EDMAHandle
                0x0000000020000048       0x40 ./drivers/fsl_edma.o
 .bss.s_ENETHandle
                0x0000000020000088        0x4 ./drivers/fsl_enet.o
 .bss.s_enetTxIsr
                0x000000002000008c        0x4 ./drivers/fsl_enet.o
 .bss.s_enetRxIsr
                0x0000000020000090        0x4 ./drivers/fsl_enet.o
 .bss.s_enetErrIsr
                0x0000000020000094        0x4 ./drivers/fsl_enet.o
 .bss.s_enetTsIsr
                0x0000000020000098        0x4 ./drivers/fsl_enet.o
 .bss.s_flexcanHandle
                0x000000002000009c        0x4 ./drivers/fsl_flexcan.o
 .bss.s_flexcanIsr
                0x00000000200000a0        0x4 ./drivers/fsl_flexcan.o
 .bss.s_i2cHandle
                0x00000000200000a4        0xc ./drivers/fsl_i2c.o
 .bss.s_i2cMasterIsr
                0x00000000200000b0        0x4 ./drivers/fsl_i2c.o
 .bss.s_i2cSlaveIsr
                0x00000000200000b4        0x4 ./drivers/fsl_i2c.o
 .bss.s_saiHandle
                0x00000000200000b8        0x8 ./drivers/fsl_sai.o
 .bss.s_saiTxIsr
                0x00000000200000c0        0x4 ./drivers/fsl_sai.o
 .bss.s_saiRxIsr
                0x00000000200000c4        0x4 ./drivers/fsl_sai.o
 .bss.s_sdhcHandle
                0x00000000200000c8        0x4 ./drivers/fsl_sdhc.o
 .bss.s_sdhcIsr
                0x00000000200000cc        0x4 ./drivers/fsl_sdhc.o
 .bss.s_uartHandle
                0x00000000200000d0       0x18 ./drivers/fsl_uart.o
 .bss.s_uartIsr
                0x00000000200000e8        0x4 ./drivers/fsl_uart.o
 .bss.ucHeap    0x00000000200000ec     0x2800 ./amazon-freertos/portable/heap_4.o
 .bss.xStart    0x00000000200028ec        0x8 ./amazon-freertos/portable/heap_4.o
 .bss.pxEnd     0x00000000200028f4        0x4 ./amazon-freertos/portable/heap_4.o
 .bss.xFreeBytesRemaining
                0x00000000200028f8        0x4 ./amazon-freertos/portable/heap_4.o
 .bss.xMinimumEverFreeBytesRemaining
                0x00000000200028fc        0x4 ./amazon-freertos/portable/heap_4.o
 .bss.xBlockAllocatedBit
                0x0000000020002900        0x4 ./amazon-freertos/portable/heap_4.o
 .bss.ulMaxPRIGROUPValue
                0x0000000020002904        0x4 ./amazon-freertos/FreeRTOS/portable/port.o
 .bss.xQueueRegistry
                0x0000000020002908       0x40 ./amazon-freertos/FreeRTOS/queue.o
                0x0000000020002908                xQueueRegistry
 .bss.pxCurrentTCB
                0x0000000020002948        0x4 ./amazon-freertos/FreeRTOS/tasks.o
                0x0000000020002948                pxCurrentTCB
 .bss.pxReadyTasksLists
                0x000000002000294c       0x64 ./amazon-freertos/FreeRTOS/tasks.o
 .bss.xDelayedTaskList1
                0x00000000200029b0       0x14 ./amazon-freertos/FreeRTOS/tasks.o
 .bss.xDelayedTaskList2
                0x00000000200029c4       0x14 ./amazon-freertos/FreeRTOS/tasks.o
 .bss.pxDelayedTaskList
                0x00000000200029d8        0x4 ./amazon-freertos/FreeRTOS/tasks.o
 .bss.pxOverflowDelayedTaskList
                0x00000000200029dc        0x4 ./amazon-freertos/FreeRTOS/tasks.o
 .bss.xPendingReadyList
                0x00000000200029e0       0x14 ./amazon-freertos/FreeRTOS/tasks.o
 .bss.xTasksWaitingTermination
                0x00000000200029f4       0x14 ./amazon-freertos/FreeRTOS/tasks.o
 .bss.uxDeletedTasksWaitingCleanUp
                0x0000000020002a08        0x4 ./amazon-freertos/FreeRTOS/tasks.o
 .bss.xSuspendedTaskList
                0x0000000020002a0c       0x14 ./amazon-freertos/FreeRTOS/tasks.o
 .bss.uxCurrentNumberOfTasks
                0x0000000020002a20        0x4 ./amazon-freertos/FreeRTOS/tasks.o
 .bss.xTickCount
                0x0000000020002a24        0x4 ./amazon-freertos/FreeRTOS/tasks.o
 .bss.uxTopReadyPriority
                0x0000000020002a28        0x4 ./amazon-freertos/FreeRTOS/tasks.o
 .bss.xSchedulerRunning
                0x0000000020002a2c        0x4 ./amazon-freertos/FreeRTOS/tasks.o
 .bss.uxPendedTicks
                0x0000000020002a30        0x4 ./amazon-freertos/FreeRTOS/tasks.o
 .bss.xYieldPending
                0x0000000020002a34        0x4 ./amazon-freertos/FreeRTOS/tasks.o
 .bss.xNumOfOverflows
                0x0000000020002a38        0x4 ./amazon-freertos/FreeRTOS/tasks.o
 .bss.uxTaskNumber
                0x0000000020002a3c        0x4 ./amazon-freertos/FreeRTOS/tasks.o
 .bss.xNextTaskUnblockTime
                0x0000000020002a40        0x4 ./amazon-freertos/FreeRTOS/tasks.o
 .bss.xIdleTaskHandle
                0x0000000020002a44        0x4 ./amazon-freertos/FreeRTOS/tasks.o
 .bss.uxSchedulerSuspended
                0x0000000020002a48        0x4 ./amazon-freertos/FreeRTOS/tasks.o
 .bss.xActiveTimerList1
                0x0000000020002a4c       0x14 ./amazon-freertos/FreeRTOS/timers.o
 .bss.xActiveTimerList2
                0x0000000020002a60       0x14 ./amazon-freertos/FreeRTOS/timers.o
 .bss.pxCurrentTimerList
                0x0000000020002a74        0x4 ./amazon-freertos/FreeRTOS/timers.o
 .bss.pxOverflowTimerList
                0x0000000020002a78        0x4 ./amazon-freertos/FreeRTOS/timers.o
 .bss.xTimerQueue
                0x0000000020002a7c        0x4 ./amazon-freertos/FreeRTOS/timers.o
 .bss.xTimerTaskHandle
                0x0000000020002a80        0x4 ./amazon-freertos/FreeRTOS/timers.o
 .bss.xLastTime.5850
                0x0000000020002a84        0x4 ./amazon-freertos/FreeRTOS/timers.o
 .bss.__Ciob    0x0000000020002a88       0xb4 /usr/local/mcuxpressoide-10.2.0_759/ide/tools/bin/../lib/gcc/arm-none-eabi/7.2.1/../../../../arm-none-eabi/lib/thumb/v7e-m/fpv4-sp/hard/libcr_semihost_nf.a(__ciob.o)
                0x0000000020002a88                __Ciob
 .bss.__end_of_heap
                0x0000000020002b3c        0x4 /usr/local/mcuxpressoide-10.2.0_759/ide/tools/bin/../lib/gcc/arm-none-eabi/7.2.1/../../../../arm-none-eabi/lib/thumb/v7e-m/fpv4-sp/hard/libcr_c.a(__init_alloc.o)
                0x0000000020002b3c                __end_of_heap
 .bss.__heaps   0x0000000020002b40        0x4 /usr/local/mcuxpressoide-10.2.0_759/ide/tools/bin/../lib/gcc/arm-none-eabi/7.2.1/../../../../arm-none-eabi/lib/thumb/v7e-m/fpv4-sp/hard/libcr_c.a(__init_alloc.o)
                0x0000000020002b40                __heaps
 .bss.errno     0x0000000020002b44        0x4 /usr/local/mcuxpressoide-10.2.0_759/ide/tools/bin/../lib/gcc/arm-none-eabi/7.2.1/../../../../arm-none-eabi/lib/thumb/v7e-m/fpv4-sp/hard/libcr_c.a(errno.o)
                0x0000000020002b44                errno
 .bss.SHT15_Read_Temp_Humi_State_Machine.8019
                0x0000000020002b48        0x1 ./source/sht15.o
 .bss.SHT15_Read_Temperature_State_Machine.8038
                0x0000000020002b49        0x1 ./source/sht15.o
 .bss.SHT15_Read_Humidity_State_Machine.8055
                0x0000000020002b4a        0x1 ./source/sht15.o
 .bss.ucMaxSysCallPriority
                0x0000000020002b4b        0x1 ./amazon-freertos/FreeRTOS/portable/port.o
 *(SORT_BY_ALIGNMENT(COMMON))
                0x0000000020002b50                . = ALIGN (0x8)
 *fill*         0x0000000020002b4c        0x4 
                0x0000000020002b50                _ebss = .
                [!provide]                        PROVIDE (end, .)

.noinit_RAM2    0x000000001fff0000        0x0
 *(SORT_BY_ALIGNMENT(.noinit.$RAM2*))
 *(SORT_BY_ALIGNMENT(.noinit.$SRAM_LOWER*))
                0x000000001fff0000                . = ALIGN (0x8)

.noinit_RAM3    0x0000000014000000        0x0
 *(SORT_BY_ALIGNMENT(.noinit.$RAM3*))
 *(SORT_BY_ALIGNMENT(.noinit.$FLEX_RAM*))
                0x0000000014000000                . = ALIGN (0x8)

.noinit         0x0000000020002b50        0x0
                0x0000000020002b50                _noinit = .
 *(SORT_BY_ALIGNMENT(.noinit*))
                0x0000000020002b50                . = ALIGN (0x8)
                0x0000000020002b50                _end_noinit = .
                0x0000000000001000                _HeapSize = 0x1000

.heap           0x0000000020002b50     0x1000
                0x0000000020002b50                _pvHeapStart = .
                0x0000000020003b50                . = (. + _HeapSize)
 *fill*         0x0000000020002b50     0x1000 
                0x0000000020003b50                . = ALIGN (0x8)
                0x0000000020003b50                _pvHeapLimit = .
                0x0000000000001000                _StackSize = 0x1000

.heap2stackfill
                0x0000000020003b50     0x1000
                0x0000000020004b50                . = (. + _StackSize)
 *fill*         0x0000000020003b50     0x1000 

.stack          0x000000002002f000        0x0
                0x000000002002f000                _vStackBase = .
                0x000000002002f000                . = ALIGN (0x8)
                0x0000000020030000                _vStackTop = (. + _StackSize)
                0x0000000000000000                _image_start = LOADADDR (.text)
                0x000000000000a5f8                _image_end = (LOADADDR (.data) + SIZEOF (.data))
                0x000000000000a5f8                _image_size = (_image_end - _image_start)
OUTPUT(RTOS_Desktop_Clock.axf elf32-littlearm)

.debug_info     0x0000000000000000    0x1cfbc
 .debug_info    0x0000000000000000      0x2bd ./utilities/fsl_debug_console.o
 .debug_info    0x00000000000002bd      0x824 ./utilities/fsl_io.o
 .debug_info    0x0000000000000ae1      0x348 ./utilities/fsl_log.o
 .debug_info    0x0000000000000e29      0x8b0 ./startup/startup_mk64f12.o
 .debug_info    0x00000000000016d9      0xbfc ./source/RTOS_Desktop_Clock.o
 .debug_info    0x00000000000022d5       0x3b ./source/semihost_hardfault.o
 .debug_info    0x0000000000002310      0xde6 ./source/sht15.o
 .debug_info    0x00000000000030f6     0x1e9f ./drivers/fsl_clock.o
 .debug_info    0x0000000000004f95     0x22cd ./drivers/fsl_dspi.o
 .debug_info    0x0000000000007262     0x1fec ./drivers/fsl_edma.o
 .debug_info    0x000000000000924e     0x2393 ./drivers/fsl_enet.o
 .debug_info    0x000000000000b5e1     0x1d71 ./drivers/fsl_flexcan.o
 .debug_info    0x000000000000d352      0x61a ./drivers/fsl_gpio.o
 .debug_info    0x000000000000d96c     0x1c33 ./drivers/fsl_i2c.o
 .debug_info    0x000000000000f59f     0x1f25 ./drivers/fsl_sai.o
 .debug_info    0x00000000000114c4     0x215c ./drivers/fsl_sdhc.o
 .debug_info    0x0000000000013620     0x19df ./drivers/fsl_uart.o
 .debug_info    0x0000000000014fff      0x712 ./board/board.o
 .debug_info    0x0000000000015711      0x980 ./board/clock_config.o
 .debug_info    0x0000000000016091      0xc87 ./board/peripherals.o
 .debug_info    0x0000000000016d18      0xc1f ./board/pin_mux.o
 .debug_info    0x0000000000017937       0xe5 ./amazon-freertos/portable/fsl_tickless_systick.o
 .debug_info    0x0000000000017a1c      0x3ea ./amazon-freertos/portable/heap_4.o
 .debug_info    0x0000000000017e06      0x52e ./amazon-freertos/FreeRTOS/portable/port.o
 .debug_info    0x0000000000018334      0x2c9 ./amazon-freertos/FreeRTOS/list.o
 .debug_info    0x00000000000185fd     0x1690 ./amazon-freertos/FreeRTOS/queue.o
 .debug_info    0x0000000000019c8d     0x1f59 ./amazon-freertos/FreeRTOS/tasks.o
 .debug_info    0x000000000001bbe6      0xda5 ./amazon-freertos/FreeRTOS/timers.o
 .debug_info    0x000000000001c98b      0x631 ./CMSIS/system_MK64F12.o

.debug_abbrev   0x0000000000000000     0x3e83
 .debug_abbrev  0x0000000000000000      0x107 ./utilities/fsl_debug_console.o
 .debug_abbrev  0x0000000000000107      0x220 ./utilities/fsl_io.o
 .debug_abbrev  0x0000000000000327      0x180 ./utilities/fsl_log.o
 .debug_abbrev  0x00000000000004a7      0x15c ./startup/startup_mk64f12.o
 .debug_abbrev  0x0000000000000603      0x1a3 ./source/RTOS_Desktop_Clock.o
 .debug_abbrev  0x00000000000007a6       0x2f ./source/semihost_hardfault.o
 .debug_abbrev  0x00000000000007d5      0x286 ./source/sht15.o
 .debug_abbrev  0x0000000000000a5b      0x321 ./drivers/fsl_clock.o
 .debug_abbrev  0x0000000000000d7c      0x33e ./drivers/fsl_dspi.o
 .debug_abbrev  0x00000000000010ba      0x3a7 ./drivers/fsl_edma.o
 .debug_abbrev  0x0000000000001461      0x286 ./drivers/fsl_enet.o
 .debug_abbrev  0x00000000000016e7      0x2eb ./drivers/fsl_flexcan.o
 .debug_abbrev  0x00000000000019d2      0x1ae ./drivers/fsl_gpio.o
 .debug_abbrev  0x0000000000001b80      0x34f ./drivers/fsl_i2c.o
 .debug_abbrev  0x0000000000001ecf      0x2cd ./drivers/fsl_sai.o
 .debug_abbrev  0x000000000000219c      0x2b3 ./drivers/fsl_sdhc.o
 .debug_abbrev  0x000000000000244f      0x303 ./drivers/fsl_uart.o
 .debug_abbrev  0x0000000000002752      0x15c ./board/board.o
 .debug_abbrev  0x00000000000028ae      0x1f4 ./board/clock_config.o
 .debug_abbrev  0x0000000000002aa2      0x22f ./board/peripherals.o
 .debug_abbrev  0x0000000000002cd1      0x293 ./board/pin_mux.o
 .debug_abbrev  0x0000000000002f64       0x92 ./amazon-freertos/portable/fsl_tickless_systick.o
 .debug_abbrev  0x0000000000002ff6      0x1e8 ./amazon-freertos/portable/heap_4.o
 .debug_abbrev  0x00000000000031de      0x24c ./amazon-freertos/FreeRTOS/portable/port.o
 .debug_abbrev  0x000000000000342a      0x119 ./amazon-freertos/FreeRTOS/list.o
 .debug_abbrev  0x0000000000003543      0x2b6 ./amazon-freertos/FreeRTOS/queue.o
 .debug_abbrev  0x00000000000037f9      0x2e0 ./amazon-freertos/FreeRTOS/tasks.o
 .debug_abbrev  0x0000000000003ad9      0x256 ./amazon-freertos/FreeRTOS/timers.o
 .debug_abbrev  0x0000000000003d2f      0x154 ./CMSIS/system_MK64F12.o

.debug_aranges  0x0000000000000000     0x1b08
 .debug_aranges
                0x0000000000000000       0x30 ./utilities/fsl_debug_console.o
 .debug_aranges
                0x0000000000000030       0x48 ./utilities/fsl_io.o
 .debug_aranges
                0x0000000000000078       0x58 ./utilities/fsl_log.o
 .debug_aranges
                0x00000000000000d0      0x330 ./startup/startup_mk64f12.o
 .debug_aranges
                0x0000000000000400       0x30 ./source/RTOS_Desktop_Clock.o
 .debug_aranges
                0x0000000000000430       0x20 ./source/semihost_hardfault.o
 .debug_aranges
                0x0000000000000450       0xa0 ./source/sht15.o
 .debug_aranges
                0x00000000000004f0      0x1e8 ./drivers/fsl_clock.o
 .debug_aranges
                0x00000000000006d8      0x1d0 ./drivers/fsl_dspi.o
 .debug_aranges
                0x00000000000008a8      0x210 ./drivers/fsl_edma.o
 .debug_aranges
                0x0000000000000ab8      0x158 ./drivers/fsl_enet.o
 .debug_aranges
                0x0000000000000c10      0x178 ./drivers/fsl_flexcan.o
 .debug_aranges
                0x0000000000000d88       0x48 ./drivers/fsl_gpio.o
 .debug_aranges
                0x0000000000000dd0      0x180 ./drivers/fsl_i2c.o
 .debug_aranges
                0x0000000000000f50      0x1c8 ./drivers/fsl_sai.o
 .debug_aranges
                0x0000000000001118      0x198 ./drivers/fsl_sdhc.o
 .debug_aranges
                0x00000000000012b0      0x170 ./drivers/fsl_uart.o
 .debug_aranges
                0x0000000000001420       0x20 ./board/board.o
 .debug_aranges
                0x0000000000001440       0x50 ./board/clock_config.o
 .debug_aranges
                0x0000000000001490       0x98 ./board/peripherals.o
 .debug_aranges
                0x0000000000001528       0x88 ./board/pin_mux.o
 .debug_aranges
                0x00000000000015b0       0x20 ./amazon-freertos/portable/fsl_tickless_systick.o
 .debug_aranges
                0x00000000000015d0       0x50 ./amazon-freertos/portable/heap_4.o
 .debug_aranges
                0x0000000000001620       0x78 ./amazon-freertos/FreeRTOS/portable/port.o
 .debug_aranges
                0x0000000000001698       0x40 ./amazon-freertos/FreeRTOS/list.o
 .debug_aranges
                0x00000000000016d8      0x130 ./amazon-freertos/FreeRTOS/queue.o
 .debug_aranges
                0x0000000000001808      0x1f8 ./amazon-freertos/FreeRTOS/tasks.o
 .debug_aranges
                0x0000000000001a00       0xd8 ./amazon-freertos/FreeRTOS/timers.o
 .debug_aranges
                0x0000000000001ad8       0x30 ./CMSIS/system_MK64F12.o

.debug_ranges   0x0000000000000000     0x1938
 .debug_ranges  0x0000000000000000       0x20 ./utilities/fsl_debug_console.o
 .debug_ranges  0x0000000000000020       0x38 ./utilities/fsl_io.o
 .debug_ranges  0x0000000000000058       0x48 ./utilities/fsl_log.o
 .debug_ranges  0x00000000000000a0      0x320 ./startup/startup_mk64f12.o